// Jest Snapshot v1, https://goo.gl/fbAQLP

exports[`Layout test Test "relative" and "absolute" <Views/> Test 2 absolute views with different positions 1`] = `"data:image/png;base64,iVBORw0KGgoAAAANSUhEUgAAAlgAAAJYCAYAAAC+ZpjcAAAABmJLR0QA/wD/AP+gvaeTAAAHXklEQVR4nO3YMQ7DIBQFQYh8/yuTPq1XBjkzJ3gSv1gxx1hrcJC5e8DDTj+/+W8PAkDgs3sAAMDbCCwAgJjAAgCICSwAgJjAAgCICSwAgJjAAgCICSwAgJjAAgCICSwAgJjAAgCICSwAgJjAAgCICSwAgJjAAgCICSwAgJjAAgCICSwAgJjAAgCICSwAgJjAAgCICSwAgJjAAgCICSwAgJjAAgCICSwAgJjAAgCICSwAgJjAAgCICSwAgJjAAgCICSwAgJjAAgCICSwAgJjAAgCICSwAgJjAAgCICSwAgJjAAgCICSwAgJjAAgCICSwAgJjAAgCICSwAgJjAAgCICSwAgJjAAgCICSwAgJjAAgCICSwAgJjAAgCICSwAgJjAAgCICSwAgJjAAgCICSwAgJjAAgCICSwAgJjAAgCIXbsH8GvtHgAA3OQHCwAgJrAAAGICCwAgJrAAAGICCwAgJrAAAGICCwAgJrAAAGICCwAgJrAAAGICCwAgJrAAAGICCwAgJrAAAGICCwAgJrAAAGICCwAgJrAAAGICCwAgJrAAAGICCwAgJrAAAGICCwAgJrAAAGICCwAgJrAAAGICCwAgJrAAAGICCwAgJrAAAGICCwAgJrAAAGICCwAgJrAAAGICCwAgJrAAAGICCwAgJrAAAGICCwAgJrAAAGICCwAgJrAAAGICCwAgJrAAAGICCwAgJrAAAGICCwAgJrAAAGICCwAgJrAAAGICCwAgJrAAAGICCwAgJrAAAGICCwAgJrAAAGICCwAgJrAAAGICCwAgJrAAAGICCwAgJrAAAGICCwAgJrAAAGICCwAgJrAAAGICCwAgJrAAAGICCwAgJrAAAGICCwAgJrAAAGICCwAgJrAAAGICCwAgJrAAAGICCwAgJrAAAGICCwAgJrAAAGICCwAgJrAAAGICCwAgJrAAAGICCwAgJrAAAGICCwAgJrAAAGICCwAgJrAAAGICCwAgJrAAAGICCwAgJrAAAGICCwAgJrAAAGICCwAgJrAAAGICCwAgJrAAAGICCwAgJrAAAGICCwAgJrAAAGICCwAgJrAAAGICCwAgJrAAAGICCwAgJrAAAGICCwAgJrAAAGICCwAgJrAAAGICCwAgJrAAAGICCwAgJrAAAGICCwAgJrAAAGICCwAgJrAAAGICCwAgJrAAAGICCwAgJrAAAGICCwAgJrAAAGICCwAgJrAAAGICCwAgJrAAAGICCwAgJrAAAGICCwAgJrAAAGICCwAgJrAAAGICCwAAAAAAAAAAAAAAAAAAAAAAAAAAAAAAAAAAAAAAAAAAAAAAAAAAAAAAAAAAAAAAAAAAAAAAAAAAAAAAAAAAAAAAAAAAAAAAAAAAAAAAAAAAAAAAAAAAAAAAAAAAAAAAAAAAAAAAAAAAAAAAAAAAAAAAAAAAAAAAAAAAAAAAAAAAAAAAAAAAAAAAAAAAAAAAAAAAAAAAAAAAAAAAAAAAAAAAAAAAAAAAAAAAAAAAAAAAAAAAAAAAAAAAAAAAAAAAAAAAAAAAAAAAAAAAAAAAAAAAAAAAAAAAAAAAAAAAAAAAAAAAAAAAAAAAAAAAAAAAAAAAAAAAAAAAAAAAAAAAAAAAAAAAAAAAAAAAAAAAAAAAAAAAAAAAAAAAAAAAAAAAAAAAAAAAAAAAAAAAAAAAAAAAAAAAAAAAAAAAAAAAAAAAAAAAAAAAAAAAAAAAAAAAAAAAAAAAAAAAAAAAAAAAAAAAAAAAAAAAAAAAAAAAAAAAAAAAAAAAAAAAAAAAAAAAAAAAAAAAAAAAAAAAAAAAAAAAAAAAAAAAAAAAAAAAAAAAAAAAAAAAAAAAAAAAAAAAAAAAAAAAAAAAAAAAAAAAAAAAAAAAAAAAAAAAAAAAAAAAAAAAAAAAAAAAAAAAAAAAAAAAAAAAAAAAAAAAAAAAAAAAAAAAAAAAAAAAAAAAAAAAAAAAAAAAAAAAAAAAAAAAAAAAAAAAAAAAAAAAAAAAAAAAAAAAAAAAAAAAAAAAAAAAAAAAAAAAAAAAAAAAAAAAAAAAAAAAAAAAAAAAAAAAAAAAAAAAAAAAAAAAAAAAAAAAAAAAAAAAAAAAAAAAAAAAAAAAAAAAAAAAAAAAAAAAAAAAAAAAAAAAAAAAAAAAAAAAAAAAAAAAAAAAAAAAAAAAAAAAAAAAAAAAAAAAAAAAAAAAAAAAAAAAAAAAAAAAAAAAAAAAAAAAAAAAAAAAAAAAAAAAAAAAAAAAAAAAAAAAAAAAAAAAAAAAAAAAAAAAAAAAAAAAAAAAAAAAAAAAAAAAAAAAAAAAAAAAAAAAAAAAAAAAAAAAAAAAAAAAAAAAAAAAAAAAAAAAAAAAAAAAAAAAAAAAAAAAAAAAAAAAAAAAAAAAAAAAAAAAAAAAAAAAAAAAAAAAAAAAAAAAAAAAAAAAAAAAAAAAAAAAAAAAAAAAAAAAAAAAAAAAAAAAAAAAAAAAAAAAAAAAAAAAAAAAAAAAAAAAAAAAAAAAAAAAAAAAAAAAAAAAXuQLmeAFkfNRuMMAAAAASUVORK5CYII="`;

exports[`Layout test Test "relative" and "absolute" <Views/> Test 5 views with different positions (4 relative and 1 absolute) 1`] = `"data:image/png;base64,iVBORw0KGgoAAAANSUhEUgAAAlgAAAJYCAYAAAC+ZpjcAAAABmJLR0QA/wD/AP+gvaeTAAAIwUlEQVR4nO3coU0FQRhG0R1CCxgUNVAECoGnEgwCQyV4BIoiqAGFoYhFEuRLbjKPeedU8Imd5OYXO14/v/ZtAXdXl2P2Bpa0xPs4gHcEEDibPQAAYDUCCwAgJrAAAGICCwAgJrAAAGICCwAgJrAAAGICCwAgJrAAAGICCwAgJrAAAGICCwAgJrAAAGICCwAgJrAAAGICCwAgJrAAAGICCwAgJrAAAGICCwAgJrAAAGICCwAgJrAAAGICCwAgJrAAAGICCwAgJrAAAGICCwAgJrAAAGICCwAgJrAAAGICCwAgJrAAAGICCwAgJrAAAGICCwAgJrAAAGICCwAgJrAAAGICCwAgJrAAAGICCwAgJrAAAGICCwAgJrAAAGICCwAgJrAAAGICCwAgJrAAAGLj+eN7nz2CXw/XF2P2Bv44tffh+wMIuGABAMQEFgBATGABAMQEFgBATGABAMQEFgBATGABAMQEFgBATGABAMTOZw+AI+fP5gAczAULACAmsAAAYgILACAmsAAAYgILACAmsAAAYgILACAmsAAAYgILACAmsAAAYgILACAmsAAAYgILACAmsAAAYgILACAmsAAAYgILACAmsAAAYgILACAmsAAAYgILACAmsAAAYgILACAmsAAAYgILACAmsAAAYgILACAmsAAAYgILACAmsAAAYgILACAmsAAAYgILACAmsAAAYgILACAmsAAAYgILACAmsAAAYgILACAmsAAAYgILACAmsAAAYgILACAmsAAAYgILACAmsAAAYgILACAmsAAAYgILACAmsAAAYgILACAmsAAAYgILACAmsAAAYgILACAmsAAAYgILACAmsAAAYgILACAmsAAAYgILACAmsAAAYgILACAmsAAAYgILACAmsAAAYgILACAmsAAAYgILACAmsAAAYgILACAmsAAAYgILACAmsAAAYgILACAmsAAAYgILACAmsAAAYgILACAmsAAAYgILACAmsAAAYgILACAmsAAAYgILACAmsAAAYgILACAmsAAAYgILACA2bp7e9tkjWM/74+2YvQEAZnHBAgCICSwAgJjAAgCICSwAgJjAAgCICSwAgJjAAgCICSwAgJjAAgCICSwAgJjAAgCICSwAgJjAAgCICSwAgJjAAgCICSwAgJjAAgCICSwAgJjAAgCICSwAgJjAAgCICSwAgJjAAgCICSwAgJjAAgCICSwAgJjAAgCICSwAgJjAAgCICSwAgJjAAgCICSwAgJjAAgCICSwAgJjAAgCICSwAgJjAAgCICSwAgJjAAgCICSwAgJjAAgCICSwAgJjAAgCICSwAgJjAAgCICSwAgJjAAgCICSwAgJjAAgCICSwAgJjAAgCICSwAgJjAAgCICSwAgJjAAgCICSwAgJjAAgCICSwAgJjAAgCICSwAgJjAAgCICSwAgJjAAgCICSwAgJjAAgCICSwAgJjAAgCICSwAgJjAAgCICSwAgJjAAgCICSwAgJjAAgCICSwAgJjAAgCICSwAgJjAAgCICSwAgJjAAgCICSwAgJjAAgCICSwAgJjAAgCICSwAgJjAAgCICSwAgJjAAgCICSwAgJjAAgCICSwAgJjAAgCICSwAgJjAAgCICSwAgJjAAgCICSwAgJjAAgCICSwAgJjAAgCICSwAgJjAAgCICSwAgJjAAgCICSwAgJjAAgCICSwAgJjAAgCICSwAgJjAAgCICSwAgJjAAgCICSwAgJjAAgCICSwAgJjAAgCICSwAgJjAAgCICSwAgJjAAgCICSwAgJjAAgCICSwAgJjAAgCICSwAgJjAAgCICSwAgJjAAgCICSwAgJjAAgCICSwAgJjAAgCICSwAgJjAAgCICSwAgJjAAgCICSwAgJjAAgCICSwAgJjAAgCICSwAgJjAAgCICSwAgJjAAgCICSwAgJjAAgCICSwAgJjAAgCICSwAgJjAAgCIjf1l22ePgGM17rcxewMA/48LFgBATGABAMQEFgBATGABAMQEFgBATGABAMQEFgBATGABAMQEFgBATGABAMQEFgBATGABAMQEFgBATGABAMQEFgBATGABAMQEFgBATGABAMQEFgBATGABAMQEFgBATGABAMQEFgBATGABAMQEFgBATGABAMQEFgBATGABAMQEFgAAAAAAAAAAAAAAAAAAAAAAAAAAAAAAAAAAAAAAAAAAAAAAAAAAAAAAAAAAAAAAAAAAAAAAAAAAAAAAAAAAAAAAAAAAAAAAAAAAAAAAAAAAAAAAAAAAAAAAAAAAAAAAAAAAAAAAAAAAAAAAAAAAAAAAAAAAAAAAAAAAAAAAAAAAAAAAAAAAAAAAAAAAAAAAAAAAAAAAAAAAAAAAAAAAAAAAAAAAAAAAAAAAAAAAAAAAAAAAAAAAAAAAAAAAAAAAAAAAAAAAAAAAAAAAAAAAAAAAAAAAAAAAAAAAAAAAAAAAAAAAAAAAAAAAAAAAAAAAAAAAAAAAAAAAAAAAAAAAAAAAAAAAAAAAAAAAAAAAAAAAAAAAAAAAAAAAAAAAAAAAAAAAAAAAAAAAAAAAAAAAAAAAAAAAAAAAAAAAAAAAAAAAAAAAAAAAAAAAAAAAAAAAAAAAAAAAAAAAAAAAAAAAAAAAAAAAAAAAAAAAAAAAAAAAAAAAAAAAAAAAAAAAAAAAAAAAAAAAAAAAAAAAAAAAAAAAAAAAAAAAAAAAAAAAAAAAAAAAAAAAAAAAAAAAAAAAAAAAAAAAAAAAAAAAAAAAAAAAAAAAAAAAAAAAAAAAAAAAAAAAAAAAAAAAAAAAAAAAAAAAAAAAAAAAAAAAAAAAAAAAAAAAAAAAAAAAAAAAAAAAAAAAAAAAAAAAAAAAAAAAAAAAAAAAAAAAAAAAAAAAAAAAAAAAAAAAAAAAAAAAAAAAAAAAAAAAAAAAAAAAAAAAAAAAAAAAAAAAAAAAAAAAAAAAAAAAAAAAAAAAAAAAAAAAAAAAAAAAAAAAAAAAAAAAAAAAAAAAwEn7Aa2JE5RVZWuzAAAAAElFTkSuQmCC"`;
