// Jest Snapshot v1, https://goo.gl/fbAQLP

exports[`render <Text/> renders <Text/> correctly 1`] = `"data:image/png;base64,iVBORw0KGgoAAAANSUhEUgAAASwAAACWCAYAAABkW7XSAAAABmJLR0QA/wD/AP+gvaeTAAAAxUlEQVR4nO3BMQEAAADCoPVPbQhfoAAAAAAAAAAAAAAAAAAAAAAAAAAAAAAAAAAAAAAAAAAAAAAAAAAAAAAAAAAAAAAAAAAAAAAAAAAAAAAAAAAAAAAAAAAAAAAAAAAAAAAAAAAAAAAAAAAAAAAAAAAAAAAAAAAAAAAAAAAAAAAAAAAAAAAAAAAAAAAAAAAAAAAAAAAAAAAAAAAAAAAAAAAAAAAAAAAAAAAAAAAAAAAAAAAAAAAAAAAAAAAAAAAAAAAAAOA1v9QAATX68/0AAAAASUVORK5CYII="`;

exports[`render <Text/> renders <Text/> with coordinates correctly 1`] = `"data:image/png;base64,iVBORw0KGgoAAAANSUhEUgAAASwAAACWCAYAAABkW7XSAAAABmJLR0QA/wD/AP+gvaeTAAAFu0lEQVR4nO3cbahlVRkH8P+2sbIsk7R8qbQPERaEZhJCCZXVB0XRpCKQRqIXw9TqQyRZoaRWqFQU9KEEkT406kRi9KIk0WSmlvRmIWaUqKXlW6np6L8PZ106nrkzcx3vjIS/HxzO2c9+9nrWPnAXa++z9k0AAAAAAAAAAAAAeFqYFgNtd05yaJKXJWmSW5NcM03TQytpsO3zk3SapvtXs6MrqLtrkp1XkLpxR/cNWGVtd2p7ctt/dFP3tz2z7bMWjtm37cFt18zFft/2yqeg/99Zpt/L+fl2qL3P+B5WMmAC22jN3OfzkpyS5JYkpye5JsnGJK9N8rEkn0pyYNtjpmnaOI75cJLTkuyZ5K4d1enNuDDJ1XPbr0nyniSXJdkwF79tO9T+QJLPJNl3O7UPLGl75Jh9/KLtbsvs36XtlSPn5Ln450Zsj7nYUzLDWtT2XaNvp+yAWp8dtfbZ3rXg6Wyn8f7JJI8lOX6apnsXk6ZpejDJCUkeSXJykrQ9KcmbRsrpbY+eP6btfm2/2vaqtuvbHrXYbtvntf1E28vH6/S2L1zIObHt+9ru0fbLbb/2ZE96C/U/vTD4vq3tOW3fvnDc4SP+hrYnJjl87Dqt7bGr1T9gwRgIHmv7sxXk/mDMJJYGo1vG9lVjAFuaYf2h7V/b/moMVn8feUfNtbVX2z+2fajt99pe0vbetne0PWAub8N4/W7086oVntcWZ1grqT++mzs6u6+314i9qO2dbW9qu2vbL7W9edT6SdtTV9I/YBuMWUJXMnNpe97IPWxsb+6SsH38peNLx8Cwfi62vu0DbQ+ei718DA4/nottGO1d0vYFT+C8tjZgXTrqv24utn/bu+YHxbZHjXYuHtvr2j7S9tC5HJeEsAPslOS54/NKfup/dLw/cyt5dyX5ytLGNE1/TXJTZkslMv6wj07yjWmarp/LuyXJRUkOWxicHkhywjRN96ygj1vVdu9R/5vTNF03V//Pc/V3H7HvJrkgyTvaXpDkuCRnT9N09SYNA9vVmiT3jc8rmR3sN97v3Eren6Zp6kLswSTPGZ8PymwN2EFtv76Q9+rMBtK9kywNUDdP03RfVs9Bo8bm6k+j/t0jdmqSNydZm+TaJGeuYl+AFVqT5MbMbrgfsKXEts9IckhmA8+NW2n3X1vZvzSr2znJ7gv7bkuyLrMlFUs2ZnUt1V+zhfqPLNRfWjj77/xvpgnsQGumabqn7U+TvLHtgdM03bCZ3COT7J/kW9M0Pfwk6/5tvF86TdPn53e0fXaSXZJs8mvlKlqqv36apnNWUP+cJK9McnmSIzJbr3b+duwfsIylZQ1nZXYZdGHbPReTxj2fc5P8J8kZq1D32swGhOPaLj4edEWSX69CjS25LrPLzeXq/yjJb5Y22r4lyUmZ3ds6JskNSc5q+6rt3Edgczp79KbjV7Lz265te3zbL4zYxrbvXDjm4+OYL7Z9/Ygtu3C0s0Wpv53b/ug49ttt39rZmqdLRuy9c3kb2v5yG85na78Snjr2r5urf/GIrR05u7X9S2fLMvYYsQPbPtz2uo5HcTp7pKnjezt0uXrAKmt7bGdrp+ZtbHtF20OWyd935D/a9uwR+2Hbi5bJXd/2+wuxk9v+c67W7W0/uJCzru1l23AuR3S2PmrtFnI+0sc/O3l72w/N7T9jtPHuheNOG/H3j+292l4/vodzn2hfgZXZ5L81JEnbFyd5SZKHk9w6TdPdy+WthjFLeUVmN7NvnaZph97QfqrrAwAAAAAAAAAAAAAAAAAAAAAAAAAAAAAAAAAAAAAAAAAAAAAAAAAAAAAAAAAAAAAAAAAAAAAAAAAAAAAAAAAAAAAAAAAAAAAAAAAAAAAAAAAAAAAAAAAAAAAAAAAAAAAAAAAAAAAAAAAAAAAAAAAAAAAAAAAAAAAAAAAAAAAAAAAAAAAAAAAAAAAAAAAAAAAAAAAA8P/ov6TRlH6HhPSDAAAAAElFTkSuQmCC"`;

exports[`render <Text/> renders <Text/> with defaults correctly 1`] = `"data:image/png;base64,iVBORw0KGgoAAAANSUhEUgAAASwAAACWCAYAAABkW7XSAAAABmJLR0QA/wD/AP+gvaeTAAAAxUlEQVR4nO3BMQEAAADCoPVPbQhfoAAAAAAAAAAAAAAAAAAAAAAAAAAAAAAAAAAAAAAAAAAAAAAAAAAAAAAAAAAAAAAAAAAAAAAAAAAAAAAAAAAAAAAAAAAAAAAAAAAAAAAAAAAAAAAAAAAAAAAAAAAAAAAAAAAAAAAAAAAAAAAAAAAAAAAAAAAAAAAAAAAAAAAAAAAAAAAAAAAAAAAAAAAAAAAAAAAAAAAAAAAAAAAAAAAAAAAAAAAAAAAAAAAAAAAAAOA1v9QAATX68/0AAAAASUVORK5CYII="`;

exports[`render <Text/> renders only <Text/> correctly 1`] = `"data:image/png;base64,iVBORw0KGgoAAAANSUhEUgAAASwAAACWCAYAAABkW7XSAAAABmJLR0QA/wD/AP+gvaeTAAAIxklEQVR4nO3cf0zU9x3H8dddT4R6FKmo4IYOjFNRVPxZxbbocEnFjKloZhddNY2ruhq7NVu2LCkuXdJmiTPbqllTf81tttbWWX9na4tOJxOMFDtQdKIVES0VlF8HB8f+wJ2eaEE4pe/2+fjvC9+79+f445nj8/3eOTKV2ewKdckV5tLtGusa1ehpbPXzrhLiDpGzm7PN83yNPjVUNTyAFeHLLlOZjq5eA25ySdKE5ROU+mpqq182+5p17fw15azJUfbqbPkafQ98gbeauXmmhnx3SJvnXTx6UW9MeCOos90xboX3C9fl/Mvyebv27wB8VQW8rcrbkKfyU+X+4xB3iIakD9G030xTxIAI7X1+7wNf4K3yN+erJLvEf9x3RF8lPp2ool1F+uTQJ/6fV1+qDvrsMYvHKCUzRau+vkpVF6uC/vwA2hYQrIJtBTq953TACQdfPqgl+Us0+tnR2v/C/i59l1X4bmHA8bC5w5T4dKKK3y9W9ursLloVgAel9cbVbZrqm3Th8AX1+mYvRfSPUMXZCiX/NFmeSo+OvX4s4NzknyWr5kqN8jbkSZLGLR2nRk+jTr13Sk++9KQcTof2LNsjSQoJD9G4peM04IkBkqSS7BLlrMlR3Wd1QX2Bt8+5+O+LylmTo9ryWklS/LR4xX8rXueyzunMvjP+x8Wnxis+NV5Fu4vUZ3gfxafGS5Ie/8XjKn6/uFU8Adx/be9gS4ocGKlmX7OqL7f8qzXmh2M0fN7wVueNfW6sEjIS/Mcj5o9Q0qIkLTy4UOOWjVPvob0lSe5otxbnLtaUlVPkcDjU6GnUpBcnadl/lilqaFQwXtdd50z8yUQt/Xipf07Z8TKN/MFIzf7rbLmj3ZKkHn16aPaW2UrISFDZ8TJFDY5SeL9wSVLfxL6KGBARtDUCaL+Ad1gh7hCFRob6jx/52iMauWCkBjwxQCf/dlLeGu89D4hNjlXhO4VaN2mdPJUeSVLa2jRFxEZoXfI6XTp2SZLUM66nFucuVtqaNG2asqkzr8kvbU3LnPWT16s0t7Rlzjda5sxYO0MbUzaqtrxWOxfv1Lz35mn6a9O1dfZWTf/DdIVFhmnLd7aoobpB+1bsU11FnVIyU7Rt3jb2sIAuEhCsjLcy7nhS+cly7V3esQ13b41XOxbtUP31eklSeL9wDU4frJzXcvyxkqTK4krl/zlf4380XqE9Q/1x6yh3jFuD0wcrd22uP1aSVHnuxpzl4xUaGSpPhUdFO4t0fP1xJS1KUvqGdCXMSdDBlw+q5EjJ50wA8KAFBOvo74/qysdX/Me+Jp8qiyt1/p/nO3wp/+qZq/5YSVJ0UrQcDodikmI0448zAs7tM6yPHE6H3DHuTgcrJilGDqdD0UnRd57jcCg8JlyeipY5+1/Yr7ipcRr1zCiV5pbqwK8OdGo+gOALCNaZfWdaXSW8pyfr3noP//ariiE9QiRJzm5OhUWGBfyuqrRKBW8XBOVKZLce3VrmuO4+p8nb5P9Zk7fJf5Ost8ar5qbmTq8BQHC1eZXwbpwPBe7Xu8Jcejjq4TYf9/+N+8J3C3X41cOBz3Hjjvv6a/V3eug9qblcI0k6uf2kDr1yqM05qa+kKmpIlE7vPq1BaYP02IrHdGTVkU6vA0DwtOsq4e3qr9Xr0UGPSrd8aGHorKHt+thMaU6p6q/Vt1xNvO1DDwv+sUBL8pd0ZEmt5+SWylPpueOc+X+fr6UnlvqP46bGafzz43XiLyf05sw3VZZXpqm/nqreCb2DshYAwdGhYJ3LOid3tFuzNs9SQkaCJv98sp763VP+dzWfx1vrVdbKLPUb209z3pqj+GnxGvjtgZr7zlzFJsfqg19+oGZf5/8d89Z6dWDlAcWMidGcrbfM2TZX/Sf398/pHtFd6RvSVfdZnfat2Cef16cdC3fI+ZBTM/800x/huqst94dNenGSYifFdnp9AO6dS5I8lR5VnK2Qt7Z9ty1krcxSz7ieGv694Ur8fqIq/luh7Qu2K2lhkjzXbm6WV5VWyelq3cTs32arualZKZkpSpjTct9WdVm1dj23Sx9t+qjdi2+oblDF2YqAmQFzVmfL1+RrmZNxc87uJbuVt7Hl5taJP54oX6NPe5fv9d9MWpZXpg9f+lCjnx2tpIVJOvb6MRW8XaBRz4zShOUTpGbpwr8utHudAILDkanMDr+dcYW55Ap1+a+03StnN6d6DeqlhpoGXS+5ft82uh/UHHz58G0NXywd3nSXbnz9TF3Hv37G5/Xp04JPO7OEL9QcAPdXh/awAKArECwAZhAsAGYQLABmECwAZhAsAGYQLABmECwAZhAsAGYQLABmECwAZhAsAGYQLABmECwAZhAsAGYQLABmECwAZhAsAGYQLABmECwAZhAsAGYQLABmECwAZhAsAGYQLABmECwAZhAsAGYQLABmECwAZhAsAGYQLABmECwAZhAsAGYQLABmECwAZhAsAGYQLABmECwAZhAsAGYQLABmECwAZhAsAGYQLABmECwAZhAsAGYQLABmECwAZhAsAGYQLABmECwAZhAsAGYQLABmECwAZhAsAGYQLABmECwAZhAsAGYQLABmECwAZhAsAGYQLABmECwAZhAsAGYQLABmECwAZhAsAGYQLABmECwAZhAsAGYQLABmECwAZhAsAGYQLABmECwAZhAsAGYQLABmECwAZhAsAGYQLABmECwAZhAsAGYQLABmECwAZhAsAGYQLABmECwAZhAsAGYQLABmECwAZhAsAGYQLABmECwAZhAsAGYQLABmECwAZhAsAGYQLABmECwAZhAsAGYQLABmECwAZhAsAGYQLABmECwAZhAsAGYQLABmECwAZhAsAGYQLABmECwAZhAsAGYQLABmECwAZhAsAGYQLABmECwAZhAsAGYQLABmECwAZhAsAGYQLABmECwAZhAsAGYQLABmECwAZhAsAGYQLABmECwAZhAsAGYQLABmECwAZhAsAGYQLABmECwAZvwP3cRz1olhT7QAAAAASUVORK5CYII="`;

exports[`render <Text/> should render nothing with empty children 1`] = `"data:image/png;base64,iVBORw0KGgoAAAANSUhEUgAAASwAAACWCAYAAABkW7XSAAAABmJLR0QA/wD/AP+gvaeTAAAAxUlEQVR4nO3BMQEAAADCoPVPbQhfoAAAAAAAAAAAAAAAAAAAAAAAAAAAAAAAAAAAAAAAAAAAAAAAAAAAAAAAAAAAAAAAAAAAAAAAAAAAAAAAAAAAAAAAAAAAAAAAAAAAAAAAAAAAAAAAAAAAAAAAAAAAAAAAAAAAAAAAAAAAAAAAAAAAAAAAAAAAAAAAAAAAAAAAAAAAAAAAAAAAAAAAAAAAAAAAAAAAAAAAAAAAAAAAAAAAAAAAAAAAAAAAAAAAAAAAAOA1v9QAATX68/0AAAAASUVORK5CYII="`;
