// Jest Snapshot v1, https://goo.gl/fbAQLP

exports[`Render Updates Text Test "Text" multiples content change 1`] = `"data:image/png;base64,iVBORw0KGgoAAAANSUhEUgAAASwAAACWCAYAAABkW7XSAAAABmJLR0QA/wD/AP+gvaeTAAAK/UlEQVR4nO3be7BV1X3A8e+Be1UQeQiKj4iiGSNGZIw2sTVWo4IZrHFCdJwmsWk61nRozatOTKLt1JiqTWtqotEQx6QajVqK1UZ8oUIRjIgBQZ7qNaLA5SXClcvjPs6vf/zWheMVuNZeHs18PzNn5py119577X3u/t21fmsd6B59gQO66Vi7Sz9g/z3diF0poG/kdyOpxnxgOkDAYQEnB9Tv4TZ15RXgvj3diF0p4IWAWXu6HVJ36dFNx/kN8EJ5/1fl/YHddGx9cM8DM/Z0I6TuUtdNx7m0m46jblSBsXu6DVJ3qgPoAZffCidcAocthz9YAxtOhSsrMAEYDlwGDBsI7f8MvcZAtR80kz2rWyvw58CmyB7b2QAz4Zdz4d4T4XhgxEDYfC+sH7mt5/Vc2fet7bTrG8A7wMQfwj19YOg3YdIG+D6wCvjaPvCp2+DoOpjypWwfkXm0setg9OswZCpUfwCvLYO5wO0By4HvAtwMA/vDiZfADR0nHQWLJsFxwMSA2cDYFjirAY6aDD1ugCVvwjPArcCagApw0Xz49oHQbwAsvBbqroPX6CJYBHwV2AI8CHyr3OffAdcDjcDlwFlAO/AfFbiz0/7DgK8AHwVagcXA7RVYUFPncqBSgR+XzxXgovL6UDnPv1d+z4fG+j1zO6xog+pEaPopxCJYHxBPwW3kw/DacXBPIzRtgeoj0L4angpoCmgcnvmg6QE3B7wWEDOh6QpoAuYOhUmvQttmiCUwK2BC5DlWlAevs3nAS0DDjbAsIM6DaimfDKy6GJ4PiL+BAL4YcEjA4nZoeRSqD0PzRmhZBxtPyKC4+XNwTkBDQMMSaFkB75TP1YD4KLQBv1oMhwcsrELL07BhArQ3Q+t62Dw8A+kKYFjAtQFtT8Jb90Lji7AxIP4lA9ZORd6HBQGLA34bMCmgLWBReb864NGANwIi4C9q9v3jgC0BSyID8S/KvdwS8Imaeu/KYQV8v5zjgYDbAmaUY3/nA/zZSLtfQK82qP4wH/z7gX4BlYAH18NmYCnQJ+C/App/Dhfkbvx9wDEBa6fBBrYl3b8XEIOzzt+Vsv+swqZToAV4qJQNDXgrMgB1Nq+c44qAowOqU2FOKXsJ6B9wR8DmQRkUHykP4cZR8DTZkzog4KiANRsyjxPANTXneAW4L+BbAXFTBsQ7gZ4B4wM2fTrbthE4JeDIgNXNMBNYUw//HRmgflquPSowYWMG46boIj9YAlZE6fGVsn8oZQsDBpSyvgFrA56sqXdvwMrImc6OsiEl8F5fU7Y1YAXUR/aCb6vZXom8B+u7aq+0VwgYWIV4FtrugiE15f3/DL5YB6cHHFEehpuAQeTD/aNS75Z2iANziLc1YB0KK4G6yFnDasDN5MNT+x//RwHtAf07NWsesBroWepN3QLv1GfQGRuwT3mIxwNzhsD8cpxbyGHU6TXnuCmgOiCHVrfUnOOVS2FqFaqPQ7Ue7gB6BAwOaH87g9e79gm4MaA6FMb1yWtqDZj5oUxuN5PBpV8Jsu8nYK2LmjxiwGdKwPp6p7oz491DvTMDzuhUp29AS8DPaspqA1af0rt6PuDgmjrvq73SXuOXsKo8KFsCngi4MjI3AvCxq+CugJgN6+6AzeMgHoeXAsZFDgVjxLYH43sBcUSZNQw4rxx72v3QeHcGmnGvwkPTsjyGQZxW3nd6jSjHuDQgzs2A9ZmA88v284DZF8Lr5fP0gHFvwISpMONhWDy7DG+Pz323Bp+TYMk7UF0I0T+3XV3OdW5ArIaF4yDugxWPwIJHYMECaAyIU/NaY0kOxaIVqtNzePndjjaXY31iO9d0ctk2K+DF2u8hYHSpc2Gn8hkBL3cqG1G+p38LmBKZU4sdBazy+cZSpyXgydLeEz/o3420u/UAuASWnJm9mnHAkWQiet4zMKcHvPBmDgPpD83nwIwBQF/Ylxy2LJsITe350G9VyeEkbFucWd8P6vpnr2lAf9i3FZZOgaX7w6Ot8FgTTATGT4SmJ7KHta7sO74dWj6X76vAxWTC+HGAPtt6B3W/hU8+B2PeghH7Q+82WPYGTG2taVvAoAfh0FaoXAZ3rssh3dVkwn3/Uqd+ANAP6nvBAb3ggJXQNgWWVrP3OP5IuA446W5YcUj2lP4ReDHg/sjrXEv2Amtfb9c0pXkH30t1B+Ud7b+KDERXkBMNvwE+Tw65d6gCfwt8DPgJcFhp75zIYWHPne0r7RUC9j0IZvUsQ7pSduz6nCmL0TClFc4u/5mvAHpnla1Dwv0GwaJKpxzWEJhWPp9R9r2SLJtfc579AgZsZzjSkVzf6mV4ZhXER+CiyBzRP5VNs88tif43M39TJfNkHcPJ/SbCIT1KDysylzOlDaoX51AO4ATyYZ+2KYfA8TzcXq7z253bezL0PhsGL4WB5UGfTvaYjgm4u1zvWV3c91lR7llNWUcPa0yn8q09rMjJhfbIvF3Pmjp1Zci3oyHhPuVe1+5zTMA95Zyf2ll7pb1BD2DkKjhpVM1Payrw8gMwBWA4zKvLpHUTOR1+fke9yGnyyXPh6J2cYyawHriw8t5tT5JLDro0ESYfBEyAL5Nt3TrNPz17c+v6wmcr2aanyfwTwKQza4IkOSw84ypYc/+22bx5wL8Cpx0OpwBvnwwfr2QP70LymACPAfPnwBP1MO9wWAOc03HgCjSQgQ523U+VjiC/t8mVbdcIMJqd95JOJ3t8Z3cU7Kb2St0noO9qaPldziBdEHBswKdbYe6yXG/VAIx+LnsnMQE2jYKNfwovrMt8V3wlZxI7elhfD4hf5HT8qaXsGwHxGKy+IPNNoyJn0yLgS9tp1nt6WL1gzPKsX42a3iC5Xmpex3kfgJbzYflNcPVymBwQl2XAbPpa1ouAVT+GtXflsoIbAm7YCDd+PGcXmxpyBjRegjkjIb4AU5fA1IC4OnNzcShcFnktDV+GRSMy8T8yMqm9MrpY6f9/6GH1iZxdfT3gTwL+KLK9KyOT+FMCji11a3tYvSOXQbwaMCbgI53aO6CLPxVp7zAGpq2A5nh3cnjhVTlbtYIcGsU10NBWktgB8Xbu85dkLmk8WfGwxdBUzcDyg45zBHx1Qyb1O47fGLnwcXseA37VqWzk9bC2GZZHLlTt8HCpT8DlLTlcjIBohPgOvAqcBFz/TaiuzO0Ny2Dj6nzAGzpeP4NryQB9S8Bfl8AQAbECYmzeh0by50cEnFoCQO19eyXgk13d84BfR7lnNWVnlrac26n8gYCnaj6fE2V9Wnk9G7n04prI4eJdpd5DAb+u2e8Pd9De07pqr7TXCTg4cvbpoJrinsBR5HKGjlzI8c/CcZP/lz/ticwfHR+5pmmXJHkD6tfC8OvgtKEwuNPm3mwb3r2vYwUMexM+PDhXoh/JdtodMKjct4Pfe5RdI3IJxlGdvquOnlRXSyp2e3slSZIkSZIkSZIkSZIkSZIkSZIkSZIkSZIkSZIkSZIkSZIkSZIkSZIkSZIkSZIkSZIkSZIkSZIkSZIkSZIkSZIkSZIkSZIkSZIkSZIkSZIkSZIkSZIkSZIkSZIkSZIkSZIkSZIkSZIkSZIkSZIkSZIkSZIkSZIkSZIkSZIkSZIkSZIkSZIkSZIkSZIkSZIkSZIkSZIkSZIkSZIkSZIkSZIkSZIkSZIkSZIkSZIkSZIkSZIkSZIkSZIkSZIkSZIkSZIkSZIkSZIkSZIkSZIkSZIkSZIkSZIkSZIkSZIkSZIkSZIkSZIkSZIkSZIkSfp/6H8AkgzkJ+gK06wAAAAASUVORK5CYII="`;

exports[`Render Updates Text Test "Text" multiples content change 2`] = `"data:image/png;base64,iVBORw0KGgoAAAANSUhEUgAAASwAAACWCAYAAABkW7XSAAAABmJLR0QA/wD/AP+gvaeTAAASX0lEQVR4nO3ceXQUVb4H8O/t7nTSSZpAEwiQxcgaQggoAWWZyCJCYESNCEGfPgdnYEYU0DmKvjO4K3BGYRAQQR2PIyMP0ZF1FGRQcGOQRUCiiA5hTdi6YwjZuqu+74/qDtFRnzPHJ57zvp9z6pzq6qpbv7r31u17b1UCfAcCyQSafec+5BjLsnZZlrWL5Ijv2venYt++fb8KBoMfh8PhnSR7n+94fggEmjUtK5JX0bJ20SmXq89nbCI/CgKvEfj4O/chF9i2zainaFknGYlU07KW/Vhx/qvS0tIqx4wZE4v5N+c7nh8Cge0Etjd+Jh+nbZNO2cw+n7GJ/FA8P0AaNMbE1pvB5UoFAFhWwQ+Qtnx/f//aZ+JcufBHjkXk/4SHZHMAgwFcACAeQH8ALgBzYAzgcrloWSUAOgEIA0gAUA/ABvARgJcAdAHgBlDVmLIxLUmWwLlZOgM4E/2+ZTT9XQDeNMZYTQMiGQAwKJp+KYBfA2gDYAuA5wDUABgS3ScdTg/wWWNMiKQLwEAAfQHkAogA+ATA5wDWAsgCkJ+ZmRnX5JQXk7wuuu4F0BA97m8AegEoiMbviqazs2ncJC8FcAuAQPS7CJwfgqXGmC++KdNJtojGDwCbo9fTEcBRAK8CqI6WSZ9onm8yxnz4tTSSAIyEUy4RAG8BWNukkXoJQM8m67HjugMoBJAB4ET0Wr6zFy3yU+EBcDfJe9c8/jjcixcj+fRp1AQCcN1++4grCgsrcPJkawBLZ82ahUAggF+VlABPPQVs3gwA2FxbGzlaXOwZd9ttADBowYwZGPj++8jOzk7ZunXr0hMnTsDr9SI3NxddunQBJk8G2rVzzm5ZB0heZ4zZDgAEbn0vL2/avkmTskZccw1mzpzJ0tJS0+nCC/GYx1OSkJPzyAPHjp3etWvXBX4A0/x+XFxdDZw5cy+zsl7AsWPD9oZCXRctWoSy3btx05EjCAQC6NGjBwIpKQ0mEqlHQoJ/+tmz2FFbG8uDX6K6+pef3H47zDvvoHWrVggMHw5MnFh+Jimp7cKFC7Fp0yYYADcnJeHKujp4jxypZ1raB5g8uf7phQuHeeLicM011+Chhx4qrq+vx9NPPw0AKQDuil7XZDiN/AoAd6Nbt2IMGJCNe+8F2rSJYP58DzZuBNxuYNSo+Rg/fifc7gGNpVRaCo4cuQNr1wYBNOCSS4DduwciPz+xcZ9584BIpIHkTcaYZbDta/HKK5dj+XJg27aVBLbikUeSAAwF0NiqgQTJJwFMNcaoJyY/bSQ3zispYQ3AOrebpenp3JeYyCDA02lpZLduJMns7GyOHjCA7NyZjI8ni4rI4mKecbkYio8nS0tJkpfl5PBIfDzL3G4e9npZnpjIAy4XCThLdL9GkUgVyQwAIHA/Af4mK4sdO3ZkQUEBhwwZwiuMIQHO7dSJqampHDdoEL/weFgH8Eh+PllcTPr9dn2LFuzu8TA7O5t33HADT/j9LHO7+Q9jWJeeTrZvT0bTunP4cOf8FRX8sl071gPc2bYt7eJislkzWi1bcmR2Nr1eL4uKirg8J4cRgH+Nj2dw7FiyoMAiwEUXXMC+ffsyLy+PxhgWFhbGruz1xjwGdhAoJbCPwHZ263aQbjfZpQt5+eVkaio5fDiZmenk0XPPncufjRtJr5fMyiKzs1cyEFjOtDRn29//fm6/iy92FttuINmcY8duodtNXn01OWzYLrZte4AA+dhj/BY3nr9aKPI9na2uLt9uDKsSE8lPP6VlWRW2bR95ITfXuXm6daNt2yezs7P5bqtWpM9HbtvmVHHLqurfrh2r4uLIgQNJcmdeXh4B8IEHHojdCJ+euusuEuCK9u1j21YzEjlN2yYtq3FSmEB7G+DzAGfNmkXbmTSu29ajB+sA9s/JYSgUoj1yZJ2dkMCByckcNmyYk+KBA6zyevm+18vKykratl1ByzrzxRdfEACnT59OzppFAny+WbNIbNK9rHdv1gK8v6iIkUiEJD/lgQP80uvley4Xt27dSruhoYE+H6uuv54tW7ZkYWEhbcsiS0p41u2mC+DVV1/NYDDYtAHYGsvjaINFAv8FACRn8777bAJkTg559OgSkk/wyy/JFi3IIUNIy9pP8h5eeWUVW7cmQyGSfIDkJJaVOQ3v5MmnSd5I8hfMzw/z4oudMweDI+nxhDlxImlZNsnZDIc3cuxYslkzMhJ5kuQ4WtayJvG+/s01ROQnJLRqVRUBLsjO5qlTp+pJPkzy+uCJE1Xh9HSnh2XbZy/JzKQNkLfeGm5SyTdkZWVx1YUXki4XWV6+PC8vj2lpaWxoaKBt2+v48sun6HLxvWbNeFF+Pm3nkeIaknsbU7HtapKHSJZtT0y0g8YwXFND27YPsLp6bkNSEpcDnDdvHnnsmHOuSZPYs2dPdu/evTGZQ8XFzo3sNBxvkNwUDAbpdrv51IgRznGZmR+lR58SvjRnDi2Ab+Xk0HIazlcZiRwsLy/nbGOc6z15kgyF3qXbbbOggL+bMIHGGJ4+fZqsrOSYggIm+XwMhUK0LOsILesoLauKlvUsyT+QfJOdO1cxKSnMhoYNJJ8gOZsrVjgN1vTp+wGAZDOSZEEB2bUrSfYBAP7xj//Nt96yGYnYJBeSnMTKStLjIYuKSkmOJ/kQu3dvaGywyspuoctls6CALC93GizL2s5QiNy/n6yvPxQt57G07SPReJ85vzVR5Hvg73//OQEOBOj1ejl06FDOnDmTe3btquWgQZWxIeH4tDSnx9W/PzlhQuPy5+RklgYCznfvvbc6Ly+Pffr0cW6cdeteoN9P5uSwqG9f5uTkkCR3L1x4bogYXfa9/DJJ8v70dGfbG284w5tRo6YQ4EiAr732Grl2rfN9v358NTWVy5o3PxdP//4kwGfuuIM33XQTCwsLGQgE2A1gbVyc05vZu/fmdu3anWnTpg2HR4eHhzMzneP79NnMCRN4qKiIm6NxPTh6NCdMmMD1+fkkwLAx3ADw+JQp5EcfccCAAezWrRu5Zcs/XRO3bm0gSV50Edmjh5MnllVLcjbXrHEarFmz1gIAyUSSZJ8+ZKdOJJka3T6LO3aQM2bYHDJkH4G3mZhYQ8CJOSY2JHTcwKuu2kaAjIsjc3MPcuzYddy169z+sVdRLKuG5FySCee1Iop8Dy7s2VMBAAv+9CdMnDgRBw8exD333IPuPXokfHjgQEpsR59tOyvhMBAKNS7+SASn4+OB664D4uIIAD6fDzh1Crj++qsQFwesWoVqz7k3KJKzs/FBRsZXlqT0dADA+pQU1LtcwKuvAoCFVat616ekWOsAuFwu4OxZJ5FIBP5w2E6x7cZY9oZCWA7g2RdewNmzZ9G/f3/8ZfFirAJgu1zAypVAbi58Pl9iRUUFrhvhvOdaceQIqg4eBNPT+yIUgqmsRAWAvwUCCFZXIxQK4ZkuXXD30KFY17Ejcpo1Q+u5c4GePfHgp5/C63YDgYCTB7GlsPAQWrQ49wQ0KSm2FvlKCUQitfhmTobfeGNf9OoFPPGEQU2NF8OGNeC113yIi/uWw6JWrHgb27cTt94KhELJWLbsCvToAVx3nQWryYNZl8sHcjJs+9nvTlDkJyA8Z04VAVrLl5PkKpLPf7J3b9Xo0aP5IcCa6LzT2DZtnF7Dww+fjf1IV1ZWvuLxeFg8YoQzDItEXsrLy+OQwkLysstIl8vi+vU2Sf7sZz9jTk5ObEj4FskXmwwt90d/5Z/o2LFj9YZWrchWrciTJ18iUPVxz557AXDlypXkpk1OHDNmsFOnTpVdneETDx8+TJ8xHDd8OMP19bRt+zPW1b1uFxYyDPDJK6+M9Sz2dOrUyZn7evddEuB9bjf79evHcDhM2ra9efNmJgCcPX26M8dWW7uR5eV/ZSTC2tpaBoNBWp99Ro4bFyHAX3XoEJtvq23Sg4mQvJLkBKalHWJ6+uckJ5C8/Cs9rEcffQX4xh5WgEBbGmOzqIisr7dJLmYkcoDhsDO8HTOmnORUksPZtWtNYw8rFPpPHjo0nw0NdnQOazF3797Da6+tJkA+8MDDJJ9jJBL8Wrzx57k6inwn1ztJSX4CCM2dCwBHjTG/yMnNzZ8yeDB6AbAsC7DtsrJWrXDG6aUkgs7T7yVLllwUiUTwyJYtQH5+Y6JT9+8HNm0CbrttEwYN2oZY7wyA7azvB+CLpQNgjzFmijHmt3V1dXXr0tKAkyeBMWM6AfC/YlmvNiZQUAA0bw4sW2ZHwuEGACCJQwcPYj2JxR98AI/HA2PMrzF2bBezeTPuBPBpZqZzvDF5AJCSkgL06gUkJtZPTE6u/eD997Fw4ULAGFPQqxc2eDy4ceZMWJEIsHq1D23bFuHNN3HFFVcgLy8P6NABmDjRDQCJlgWShDF/gm3Hui9uAO8YYxbj+PFTOHr0uDFmsTFmw79QPpkgDQYNcl55cOJvi7VrAdsGdu7cBmAegBQkJPgaj5o7twuysiZh48bGbEdeXi5uu83p5r399lFjzC1wu7uBbBrvuTREfooqQ6ETLyUmkgD/UVTEQ4sWVX909912udfLUy4Xra5dadu2PWXKFN4RnZs53Lcvl44fz2v9fq6JjycB2s8/T5LP3ZuR4fSAWrcmp00jS0o+4rRpXJKRwWdatiR37iRJu8kvO0leHosnIyPj1GUDBpBt25KATWBLdnb2OMR6WCQ5Zw4JcJ3PV3dLVhbtN96wG0aNIgHe1aoV16xZw8/uu48EeMrl4myvl0svuIDBCRPIadO4qEUL3j10qJPWk0+SAF9PTOQon48VL75Ijh5NArwF4OjRo/m31atZ07o1K5KSWAzw1cceI9evJ3v3ZjAujoV5ebFrOXdd4XBp7JqiTwnfa/z8/XtYfvp8tczOJleutLl8+Urecccxtm5NpqSQl11m85NPnIcgTeewqqtttmvXwA4dyFdesfn228/z5Zf3sndvp1xOn2b0KW2kSbx7f9SKJ/LvILlk05tv8s9+P8PRBqkG4PzUVB4dP56MvjYQCoV41VVXcarLxWCTieVQQgJfHDAgVu1nLO7c2TqenOy889S+PZmcXMHU1Mrjyck85vORK1bwax5sGk/Pnj3LSkpKyAcfJAOBIIGbO3bsOKp9+/bcsGHDuaMuvfTxKrfbapzgTk0N7739drZp04YAeCfAowkJrEtP5+nmzfkFwBN+P9m+PY/5fFw8cuS5tObPZ4Pff26yPC2NXLCA8+bNYyAQIABeCvCA2/3VSfUOHez7Bg/myKZpOQ1XmOQljXkMrCawvEmez+bGjU7+zJu3NLrNR5K85hpy8GDSeRseXLhwWbTxdpYWLT7mhx9anD7dGRbedJNzzp//nIwNe0ny3XfPskOHf4qX77zz9fyPxdvnx6lxIv8+Q7IAzvtB+cc//jgxWFoaCOTnl6fl5LwLYB3J/7BtuyfJKo/Hs/9MVVWrSE1NfotTp9z0+b40mZl/hNcbm5x/GkA2gMcA+AHsADDRGFNO8rcA7gTZErZdDZdrC4x5yhjz16YBkewL4GYABLDAGLOHpAHwCICfw/lTlZXGmId5/Hg/fPLJVKSkhNGhw1Pw+9Mi4fDvDh8+3D3Z73elpqbWGmM2ApgaDAYnNW/e/AZjTL0x5h8A0qLn2AXgDOrqXNi9uzPi4o4hN7ca8fEVsKz+4XC4z2eff+5NTEoyGRkZVZ6Kih3mL39ZialTXwaZDuBRkP0AJII8DpfrHQC/N8bs/LZMjzYOt8TyLLYvyfsBtIPzJzP3GWNIshcsayJ2707GyZNLzbBhq+n8h4n7UVXVG/HxZxAf/waAPwAYh0jkSng8JwEsATAQZWUJePbZ9Xj00Tej8d6FcLgALlc7ABVwu7f+b/GKiIiIiIiIiIiIiIiIiIiIiIiIiIiIiIiIiIiIiIiIiIiIiIiIiIiIiIiIiIiIiIiIiIiIiIiIiIiIiIiIiIiIiIiIiIiIiIiIiIiIiIiIiIiIiIiIiIiIiIiIiIiIiIiIiIiIiIiIiIiIiIiIiIiIiIiIiIiIiIiIiIiIiIiIiIiIiIiIiIiIiIiIiIiIiIiIiIiIiIiIiIiIiIiIiIiIiIiIiIiIiIiIiIiIiIiIiIiIiIiIiIiIiIiIiIiIiIiIiIiIiIiIiIiIiIiIiIiIiIiIiIiIiIiIiIiIiIiIiIiIiIiIiIiIiIiIiIiIiIiIiIiIiIiIiIiIiIiIiIiIiIiIiIiIiIiIiIiIiIiIiIiIiIiIiIiIiIiIiIiIiIiIiIiIiIiIiIiIiIiIiIiIiIiIiIiIiIiIiIj8P/U/OXKHWoTnrRMAAAAASUVORK5CYII="`;

exports[`Render Updates Text Test "Text" multiples content change 3`] = `"data:image/png;base64,iVBORw0KGgoAAAANSUhEUgAAASwAAACWCAYAAABkW7XSAAAABmJLR0QA/wD/AP+gvaeTAAARuElEQVR4nO3ce3BV5b3G8e+79uaSRBICCARilYtYLMUgRYM9KuCt4qWgDdTairZWR7R29PSirdo6p471tMXRCsrpzdppLa1a8NIjKCpqRS1i8UItCCJy1ZgQIIYke63n/PHuJIRep6etdub5zOwh+13vet/fWnutd7+XtYE/Q9IxyrJXlaYbJJ39F/LNSNN0VZqmqyRN/XP5gAqg7C9s/5eQ9IlCobAxTdN30jT9g6QJ73ZM/1+SpilNVyl+BtOKaR/dN60zP5QLyt+daM3+fgmAYKhgvCC/17bDCWEESXIgMPEvlHFsCGFskiRjgVOVpm+pUNitNF2wT77ngf/5x4b/d5mUy+UOSJKkJEmSUcCH3u2A/gGOJoSxhDAWOPpPpB2zT/7HgEf+lQGa/SMkxX9nAyuAvn+UQ/prZSiE0PF3OUkygFyuDOk92xDorx/TvxsRAsTPQX8hrcMzwLP/wvjM/iHykvry4Q8fwlNPwZYtD6mqqhpoJTZgHT4g6edAO7AJ2B+oAnYU014o/t3auUcIVZLuB/oBvauqqgaNGjVqwrJly+YA24FVwEMhhBRA0kBgKrHHkwBPAwOAM4HewGpgMdAMnAYcBJQAbxdjfRpYCpwIfAqoAXoAm4m9u2eL5dXucw4OlzQDOAEYDWTAcuCGYhkzi/8mxbK2Ak3FY1gOTAKOA/YUXxXAS8DcEMI6SZXA5GJdjxfzfrCY72lgCXApcCTQANxazDcFOKJ4fp8FBgOjiu/XE3tJk4GDgZ7Ai0A98LNiXT8D/gOoBPpJugx4CAjF+KoFlxU/g5cw+zcQdPHFS7Y+8MAJVRs20PyZz/DzN99kwZ49nL9nD8dPm0bZxz7GyzNnsmnrVr4/diwzZ8zg7NNPh7lz4cknAdg+fDhz9uzhuddeo1evXhw+fDiXtbbSr1+/zopuu+02hg4dymmnngqXXw6DBrHgzju333TNNUtvevXVpgk1NSczZMhBrePGcVuSsOS55wCora1l9uzZ9O/fv7OsefPmMe6pp6gZMIAr29poD4G5c+dClhWyQiGffP3rMGoUnHtu3GHXLpg3Dx5/nGKhMHs2dJTZ1ATXX9/9zKSplCQhhACXXgpDhnSVdeutsGxZfH/kkTB7Nurfn86epgTXXXc/V1+9h2HDjqKmZggzZ8KMGQVCyO9VB4QgkqSzi8pNN0EIjcycWckNN8BLL8GwYXDllVBVBTffDI8+CkkCdXUwa1b3uJcvX8pRR73MxInnUllZziGHwPnnw6GHduW5+ebY8/rc52Ks0s307LmcND0TqCY2ygsC7DusN3t36dOf3rmpRw8J9HTv3vrWgQdqypQp+i3oubIybSwtVQZ6rn9/DR06VENAuwYNknr3lqZO1fYPf1g7QdtzOX21rk6zZs3S2P79tT4EtVZXS8OHS8OHa2M+H28NkNas0e23367qXE7b9tsvUwitqq7+bcvUqdqdJNoegi445hhNnz5dffr00eDBg/XKK6+oQ21trX5wwAES6JQQNHny5M5tWrw41nHLLfH91q3SqFFSr17SySdLZ5whlZdLgwZJq1dLaSpt29YZZ7dXR7yrV8eytm2TDjlE6tmze1kDB0ovv9wVw1e+IiVJJrhHJ520SkccEcu5/vq4PcviK03VTZZJNTXS6NHSwQdL48dLxx0nJYn0/vdLxx8vDRggfeQjUvH49cMfxn3TVFq6NMZWUdGg88+Xzj03HmfPntKzz3bVM25cLHvveENIBfcIbhU8Uzz2K97t69OsmyzL0vkDBkigeddeK0ktkgpvDB4sgR6sqFDTxo2FLMvU0NCg/83n1ZLLSStXSlLhox/9qI4aNEhZRYV03HFpmqZas2aNAF0byytI0rcrK+MN9sUv6vrrr/9dkiRa+b73SaWl0sKFP5WUP+2009JDS0rUXl4uFRuhdevWpZWVlZoyZUrxns5UW1urEaAM1Hr22V03rCSdd15snOrrW5RlBU2bJpWUSCtWdN2g69dL/fpJkybt015kkvSmskz65jdjvJddJkmZJOnMM6XevZU980zXThs2xEbk6KOVpqnU1hYb87PP3g4gaY4KhUwzZsTGLU1/IGlFt4rTtEnSE0rT2GCBdO2170haJEm65pqYVl29U5s3L1ChIDU1SZWV0qGHbpD0oNJUqquLDVR9/YudZb/2mhSC9IUv7O5MGzOmVfvvv15puqAz3rq61zuuCUEQLBA0KQ4hzd4bJKmjwWrfujWT9LikW94ePlxNoO/feKMkxdZg40ZloJ8OHNhx6Tc89NBDeuKJJ6TZs6VcToXGRm3btk0hBJ177rnblWXSPfcoBa0cMkTz581TkiT64ic+kSkE6XOfk6Rs48aNbSEEXXrppTEtSZTV17+uLNtyySWXKEkS7dixQ0pT1dbWqqysTO21tbHhaWuL0ezZI/XtG29c6UVt3LhJIUiXXKI/cumlsefS2Lh36rNK07eyRYvito98RGpvl9K0RVu2xLSLLiq2MWnsEUmxUQtBqq9v1c6de5TLSTU1bdq8eZWk15Wm0ttvS2vW7FB7+xxJt+wTzRGSyiXFBqtvX6m19R5JMfCFC2ODdc01ayX9urNxHj9eGjq0QdLyzh7WsmVSofBaZy+uvl7K5TKdc85OpWls2MeOTXXAAVskzVRj42blctKIEW8qzk3G6wIqBMPVtTBj9q7Ld3uTzwfisvjRIQTWAoNGjICOi3blSgIwurkZLrwQoPJ4oL6+ns0rVjA0TfnUCSeweP16JNFnv/0GsGoVnHMO63r0YGaa8urFFyOJCfl8QIKVK+HCC0P2+us9bpMY/ItfsA4YkWV87aKLqstbW5Pv3nsv3wXoGxcxR4wdS8vIkeQ//Wm44II4p3PiibB4MezY0TF3NYYXXogDm+ef74gXsqygEPJh9WrIMti6tbNcYAKrVxM++ck4B3bnnZDPA/Rm1aqY/3e/gwsv7HYX6+WXCRJs3dqTMWPinNeNN/bgoIPGcswxMHkynHIK1NRUkGUX8ctf3seMGXuf+mcYOfIo1q6N7w48EHr23A3MBT5JLnckAGPHjgRGkhRrTxIoK6ukYyFh0iR44QW4/PKdNDXBhg1xDixNAyUlfTr3yeUSBg6sAn5OeXkLp576PIsWjQM2K074PwLcH+Jiitl7xh99e2qvJf8CkORyXRubmwHIS9DYCI2NvPTEEzx6zz08t307y6urOXzCBO68804AyltbE6ZNg169+OygQazdvp3LL7+ciRMncm8xD+3t0NhI0tREJVDW1sab+TzLq6tp3LUrbG5tZXl1Ncurq9l98slQV8fuXI58Pg8zZkBJCdx9dyxrwYI4OX7SSd3i7aiDhgbYtGknjY0xX11dR4MU1dfD6adDjx5w7717N2RdZRUKncfe8QodZfXoEfPMmRMb4tmzYfNmuOoqGDcOzjoL0rRAVdUe6urofJWULKJ//6bOusrKID6KEFcPOybzk7/S2fnGN+Dww2H+/GFs2dLAxIl7N7px/30f6UiSEn71q3EsWfJrYgM5FLgOWCW4U5DD7L1i7yGhtm5dLWltoVDIGkaM0NOgBx54oGvg8vDDEujbVVWSpPXr178TQtD06dOVNjdLb7/dUmhvV3Nzs3qC1g0ZIvXoIT3yiIYNG6apU6cqyzKtWLFi05Q4Ka3sm9+UpJ0LFy58AdANN9wgtbRIDQ2dQ66WlhY1NDTEOabiHNb48eOVZZmyGTOk/fdXumOHtN9+0pe/3BHtm1q6dLcgzkd1yLKGLMu66ugYXrW1ScceK+XzypYs6T5gy7IWLVvWLpCuu64jrWt7V1ltam3t+DuVdJWkh/TKK9JZZ3XMif2npJv3GRL2k1TaOSQ86ihJ+rEKhQ2SpPvvj/v+6EevKE23ddY9YYJUVdUk6W5t2hSHrKecIrW1rVeaxiFga2umJJE++9mugGtqpBEj6lUoNHTGWygUJPUCEIwU/Kw48T7p3b1Czbp0/8oOoSfwwVwu98lu6VI7AEceSXOScGJT7Ay88cYbJZKYMnkyyZQpUFPTK0kS7rvvPm4Fhm/ZAt/5TguTJgFQUVGBJMaPH//rYXV165qAt269FeDhadOmTezdu3fbXXfdBccdB4cdBhKSmDJlCocddljs/e3TQ9CnPgVvvUVyxRWwe3dc5o95fkNtbRkVFXDXXV37hVAJwPHHw9ixXekXXxwfVbjxxrit69gBejFhQp7Kys6y1LUt9ujGjIE0vZ1HH83o1w8efjgBbgFe5OCDxfnnx7w33rjmb/50Qqjq9n7nzjcIoV+3tHfeeQfoxcaNccg6eTLk8weRJH0IAR54IKaHsPc5gNdff4Nc7gM89liMd+nSHPG5NgK8CnyvWEOfvzles3+2NE3T/x40KDYFX/iC9PTTkqQ/2cOSNKeqKub9+Me161e/0vTSUi0pK5NAv7/yyuarr75any8vl0ANvXqp4YILpC9/WbdWVOjeQw+NPaBVq7Jdu3bpv4orh7uGDl0uOP57J5744j3FRwle+tKX9OCDD2r69OkCdMcdd3TG0NHDkhQnxQcPjpPetbXFzs9evZ85c2K8dXXSkiXxsYczzohpt98e89xxR3w/cGCMb9/X88/HfDfdFPOdeWYsZ/Fi6WMfi2k/+EGsuLk5PnLwvve1Cqbrscd+pMWLM33oQ1KfPrsFlX9zDytNVypNpfvui3XcfXfXgaVp7GGNGhXf79gRVw0POkhatEj6zW+kr30tHlOfPnFF9A9/6Oph1dS0K8sKfxQvHCI4QfBbwTbFB0/N3hskLTnrmGO0obIyDimuuEKStH3iRC0uK9Ojjz4qqWPEIE2dOlXzR4+OK1nFxmVbkuizcc5FRx99tDZ//vN6u29frQO9VV4uDR+uzb17q76iIj7fdP/9kqRFixbp6tLS5mbY01HW7vJyXVZaKorlVVVVaf78+d3u7jPOOEOnn356V8LXvx7L7WiA9nXTTfFm7niuavBg6bbburZ/+9t/+jmsjtfChV15b7klrkzuXdbcud3re/LJgkpKNnXmAWnkSOknP/lx8Zzv22BVSiqRFId0cZXzx5KOlZTpkUdiHIsXd99r2rT4nFaHJUukji8UiA3fihXSVVfFz3bWrDiUPfVUae/z9+STBfXu/Ua3eGGt4Kh39eI020dQ/M3fd4BapB6EECQphNAIrJFUrfjt35jL5ciyrDqE0Cu0tcHataKsrDkdMqRx9Zo1L4QQlo0ZM+YS4s9I0ubm5rdKSkoeT5KkhLj62A8pIcsaSZKnCWFeCOHXij+hOZjvf38Us2ad15qmh/z+97/vlc/nV48aNerZnj17JsSf4wwh/jRoEdCK9EWgEqmdEFYSwlpJ09M0LU+ShCRJMmAb0KC2tuHh1Vd7UVpa4IADUnK5pFjWb4H+SEcQ/weDjHjsj5BlHxCMTrMslySJkiQRWdZGWxusXv0WpaXbGTnyAPL5SqQEaRtJ8gTwrRDC84L9+epXT+S8805ixIgW4LYQwvOKdc0DSoHfABcUT/v84nlqAS4LITwu6Rykb5BlA4AGcrmFxFW860nTYYTQTpI8SfxZz0ja20tZs2Y7SfIUo0fPJE33J4Se7Nq1lf32W0suJ9rbR5AkQ4Bt5HLPdos3nuOtAd785112ZmZmZmZmZmZmZmZmZmZmZmZmZmZmZmZmZmZmZmZmZmZmZmZmZmZmZmZmZmZmZmZmZmZmZmZmZmZmZmZmZmZmZmZmZmZmZmZmZmZmZmZmZmZmZmZmZmZmZmZmZmZmZmZmZmZmZmZmZmZmZmZmZmZmZmZmZmZmZmZmZmZmZmZmZmZmZmZmZmZmZmZmZmZmZmZmZmZmZmZmZmZmZmZmZmZmZmZmZmZmZmZmZmZmZmZmZmZmZmZmZmZmZmZmZmZmZmZmZmZmZmZmZmZmZmZmZmZmZmZmZmZmZmZmZmZmZmZmZmZmZmZmZmZmZmZmZmZmZmZmZmZmZmZmZmZmZmZmZmZmZmZmZmZmZmZmZmZmZmZmZmZmZmZmZmZmZmZmZmZmZmZmZmZmZmZmZmZmZmZmZmZmZmZmZmZmZmZmZmZm/xb+Dz5bneMzfBsGAAAAAElFTkSuQmCC"`;

exports[`Render Updates Text Test "Text" simple content change 1`] = `"data:image/png;base64,iVBORw0KGgoAAAANSUhEUgAAASwAAACWCAYAAABkW7XSAAAABmJLR0QA/wD/AP+gvaeTAAAE6UlEQVR4nO3aW8ilVR3H8a9jM6NpUtJBE5qUwLRzURFU3mQUhF10FyhE55Iiqe6LQumgERQdCF4LAtMpDTpcFYXmTBEIRefzYZzUckapPE3TxVovs92z33dmSnCoz+fm2Wut317Pfgfmz3rWs05sOKU6dX5+oMOdUD2m2lLdv2J8M6dV26r7NmgDHJO16mC1u1GUlp0yxz/3H8z94+p7m7QBjspycXpB9caH+B67qh9s0gY4JmuNFdQfqzurM5bG/5sVFsBD4hFL7Uur66srq9cexfefUl1WPadR0G6qrqr2LGTeVd1bfXKDdtW51XuqZ1b7qxurj83P606r3lq9dLZ3zTn+uvSbHjVzF8z27pm7Yyl36kLuhOr7M3f7kf5o4OG11ig4j6w+Pz+/fGF81QrrhdVdjeL06erq6m/VbdXTF3JH2sN6UXX3/N7V1deqAzO3fWbOrH5R3TPHd857762eujDXE6qfNQri12duf/WX6vyF3OOrn87cN6rrqn0rfjtwHFrrUMF6XGOV8avq5Dm+XLC2VD+v/lCdvjDPkxtFa9dC32YFa0v1y0bhOXMh86Z5v1fP9vXV36vnLWTObqyuvrXQt7P6R/X8pd90R/Wdhb4vVf9sFN11T2oUrBsDjmtrHSpYVZfM9gdne7lgvWS237tiro/PsR2zvVnBevHMvn9pju3Vp6qLqrOqf815V93rQPXoxr7bgeoTK3JXzTlOb6yuDsz5l31k5h67Ygx4mC3vYa37QnVx9e7qi9XvlsafNa83r/juT+b1nOr3R7j/M+Z191L/vdVb5udXNfaYntt49Fz0tMYq7YzGimtL9ewVufPnHGc2CuCWxn7Zcu68mXtih+95AQ+zjQrWwUbB+FFjJfLKpfH1ldi+Fd9ddY5rIyfN612bZE6Z162Nw6uL9lTXNg67bpa7debuP0Ju78w51ArHoY0KVtWvq/dVV1SvXxq7bV53NIraonPn9TdHcf/fzutZS/1bG28Tb25smNfYn/rQUu6kxj7bvg7tgX2lunyD3P4OPe7dUH1gkxxwnFrrwXtY67ZWtzRWQIt7WGc39oGuWcpvb5zlWixim+1hndVY9dywNM9r5v0umr9pX+PYwbKbGhv/WxqF5s7qh43HukXfrf48cyc1NutvWZH7dmM1duKKewHHibVWF6wap98f6PBjDZ+dfR9tnI26oPpqY9P6ooXckY41XDnn+Uz1isaj6O2Nt4frj4yXzcw11csaRy6+PPsuWZjrnbPv2urCmbtu9r1uIXfp7Ns5cxc23hwerN6w4t8AOI58uPEIePIG45fP8SsW+rY13tLd0/iPfrD6U4cfOP1mo2hs1D5xznv3nOO+RiHZ0YO9o3FkYv1ee6o3r/itlzZWUOu5WxsHRJe9rbGxvp7bW719RQ74H3Jq423fOR3+iHUstjXezm22r7a18cZvR5s/th1L7rzGWa3N7gsAAAAAAAAAAAAAAAAAAAAAAAAAAAAAAAAAAAAAAAAAAAAAAAAAAAAAAAAAAAAAAAAAAAAAAAAAAAAAAAAAAAAAAAAAAAAAAAAAAAAAAAAAAAAAAAAAAAAAAAAAAAAAAAAAAAAAAAAAAAAAAAAAAAAAAAAAAAAAAAAAAAAAAAAAAAAAAAAAAAAAAAAAAAAAAAAAAAAAAAAAAAAAAAAA/P/5NypmAW6yPSPiAAAAAElFTkSuQmCC"`;

exports[`Render Updates Text Test "Text" simple content change 2`] = `"data:image/png;base64,iVBORw0KGgoAAAANSUhEUgAAASwAAACWCAYAAABkW7XSAAAABmJLR0QA/wD/AP+gvaeTAAALKElEQVR4nO3bf2zUdZ7H8df3OzPFoWYHaWkrYvlhVBRMBYuIJC5Sjh9CLIh1705W9+JdynFcMNF/zhjPvZM1qLfxgJ5Uhd3LHTkoISe5RaCiLYe7SwAthZXlaETgjpbSVgqlzND5fL/v+6MzvaHiZf1D2WSfj2SS73e+r/l8v9/PN/PJfN+f78jMyrq7u5taW1uPtrW17VuzZs14STdJSigjCIIf9/X1HQmC4KCZ3aPfkZlVBUHQHARBs5k9krt+/PjxxZK+97u29XsiIWnY9T4I4A+Wmf3Zc889Z5Ku9UpJaty4cePn9n+e+gZtrw3DMPu5n+Su33fffcckHf02zulbdFxS1/U+COAPVTR3Zfny5Ro1apR27Njxsz179rRIGidp0ZNPPllw8uRJvfDCC9+0ffM8b2B50DoAfCNXDVhLlizRlClT9Pzzz8+JRCLLPc+7LOlvbr/99v9+8cUXb5gxY4YefPDBgbyZfU/SQkkTJQWSDkna5nleKhP5V0nj1T9YbZI0NLt+8uRJT9ItmXZukrQ4s+18pp0dnueFOfvyJT0sabIkP5PZ7XlekHsOmdwMSfdlcs2ZnLtG7vuZXDST+2BwDsDvkdxbwv379+fc+dmqbOb9998/Lskee+yxgVvC6dOnv1NTU9Nrg7z88ssXKyoq/i7T9htmZseOHbPZs2f/evLkyS3Lli2zo0eP2qRJk45KOmpmc4MguGBmdvHiRVu1apU98sgjNmPGjJ5bbrnlHyQVmtm4IAh+k91HT0+Pvfbaa1ZRUdFbWFj4saS/lTTCzMYGQXA4m7t06ZK9/vrrVlFRcTmTe1lSkZmNTqfTzbm5N954w2bNmnW5oKDgl5J+LKn4Gt3FLSFwPX3dgBWGocsW2NPpdFNJSYklEgnr6+t72szuHj16dDhz5szB45WVlpbavHnz0mY21szWfvzxxxaPxy0Wi/VNnDjx9L333mvDhg2zkpKSzhtuuOHzMAz7zMzOnj1rd955p+Xl5dm8efNs0aJFNnToUOd53rmmpqb2bPvt7e02fvx4y8vLs7lz51plZWXa9/2Lnud1HDhw4Gw2d+7cObv77rstFosNznUeOHCgNZvr7Oy0CRMmWCwWszlz5tjChQvTvu9fkNQpqWxQdx2R1PYdXyIAWbkDVmNj4xfOuZNhGFoQBOac229mfjqdbpo2bZpJsubm5mVm9t6YMWNs5syZFgTBCTN7ysz+wjnXWVpaavPnzzczqzWzteXl5VZUVGS7d++uNbO1zrlw1apVJslKS0svBkFgYRja/Pnzk9FotG/z5s3rs4X5L774IszPz08+9NBDZmYWBMHlyZMnH4lGo+m9e/deyB7nJ5988nZ+fn7v9OnTs7lkeXn54Ugkkm5sbOzO5g4dOrQ+Pz//0gMPPDCQmzp1anMkEnEffvjhQO7IkSMb1D8w7R/UXQ3qH7QAXA+5A1ZDQ8NvzWxmzsyemdnSdDrdVFlZaZLs4MGDzwdB4LIDlplV5LS1pLS01BYsWGDOufatW7dukWSvvvqqWWaW0DkX9vX1WUFBQff48eNDM7O2tjbL1KtqJCkMw19md/7ss8+a53nW1dVlJ06c2Ox5XlhWVlZvZu9kM+l0+uiyZcsuep5nHR0ddurUqTrP84J77rlnd2bgzOb+a/ny5d2S7OzZs9ba2rrF8zw3YcKEj8zsrWzOOdci6Sfqr72NzOmuOkmN39GlATBIdPAbnud9FATBP0t6WuqvQ/m+39XV1aVoNKqysrJi3/cjmW2m/l8dWQezC5FIZMShQ4dGSNKUKVOu2kckEtFdd92V7OrqSkhSU1OTzMyTdK+k2uLi4tM333zz5VgsFo3H4zPMTG1tbTpz5swTZqahQ4f+UXV19UB7QRDcfvz48aiZqbW1VR0dHVWZXEV1dXVFTm5cS0tLVJJaW1t14cKFx81M+fn5D1dXVz+czTnnRkvKzi6MlNSaWe5QfyEfwHXwlQFLknzffy4Mw0rP84Z5npefTqfzm5ubNXHiREWj0Xg2F4ZhmDuTJ8m/cuXKwEpbW1tckm688cav7CMej1t2ube31yR5kmKSbrp06VJee3u7hgwZ4k+dOlVVVVWKxWLq7e2VJKXTaZ0/f/6q8ygpKVFVVZXy8vIGcs65r+SKi4tVVVWlIUOGfG3OzKKSzknaov5n0bI6vq7PAHz7rvnl8zyvy8yWq/+xBG3atEk9PT1avHix1F+MzoqY2XDP876UpDNnzpR3dfVPogVBcG7EiBG9knT69GlNnTr1qn2cOHEikpeXJ0kqLi7OPpz175Je7enpqY9EIrMkKZVKKZlMKpFI6NNPP90s6QfFxcXb6urqmtQ/6ydJv04mk/enUqlIIpHQZ599tlnSD4qKiv6jrq7uoPpn/WRm+1Op1ORUKhVNJBJqaWnZJOmPR4wYsb2urm6fpL/P5A74vv9D9T+GcSHnsI8NOn8A36XBNazcbc65D/bu3WuJRMKKioqsq6vLzOxp51xXWVmZjRw50oIg+KmZxcwsf/Xq1S2SskX3n+/bt+9ffN+3BQsWXFXDOnz4sHmeZ3fccUc6DEPr7e21eDye8n2/KZ1OzwrDMMiUk8L777//8siRIy2dTltPT882z/O+9H3/cBiGW3NqbVvLy8svlJSUWF9fn/X29v7C87wu3/d/E4bhlpzce1OmTOkuKiqyK1euWDKZ3O55Xofv+791zm3O5sIw/IWkevX/oopdh8sC4FpyB6xZs2adl1Sbef1bPB5v9jzPEomENTQ0ZL/0T5nZiytWrDBJtmTJEtuyZYt75ZVXguHDh1tRUVF2wJpkZmufeeYZk2SzZ8/+ZP369ds2btwYjh492vLz83sLCwsHHkN48803TZI9/vjjVl9fbzt37rSKiooOSbZhw4aBGYDVq1eHyjwTVl9fb7t27bJbb721UZK9885AHd5qampCSbZw4ULbtWuX7dq1y8aMGdMoydatWzeQW7duXSjJHn30Udu5c6fV19fb2LFjG9RfcF82qLuOS/qf7+CyALgWM/vRypUrbdy4cTZq1KiUpM8zrxZJ/zl37tyPTp06Zc657M+UH5pZrL29fU9lZaVFIhGTZLfddptt377dFi1aZNOmTduXaXttKpWypUuXmu/7gSSLx+P20ksv2RNPPLHX87wPwjDclh081qxZY8OHDx/4L2M0Gu2Q9Jdm9o+Wo6amxgoKCnL/83hW0l+Z2U9zc2+99ZYVFhbm5tol/bWZvZ6bq62tHZw7J2nFNbrrQ0m/+tYuBoD/n5ndamb/ZP3T/39yje3RzO1cbSY3KvN+zMxWdHd3H+ro6LjonDsXhuF7ZjYz57PTMp+rra+v//7KlSv/tLOzc0PmvUmZjG9mfx6GYYNz7lQymdyzY8eOmjlz5kyQFMlpa7FzrtE5d94515pMJrfX1tZWSxqjnFqcmS1yzjU45750zrWmUqn333777aXXyC10zn3knPsynU63pVKpHe++++4ySWNFYR0AAAAAAAAAAAAAAAAAAAAAAAAAAAAAAAAAAAAAAAAAAAAAAAAAAAAAAAAAAAAAAAAAAAAAAAAAAAAAAAAAAAAAAAAAAAAAAAAAAAAAAAAAAAAAAAAAAAAAAAAAAAAAAAAAAAAAAAAAAAAAAAAAAAAAAAAAAAAAAAAAAAAAAAAAAAAAAAAAAAAAAAAAAAAAAAAAAAAAAAAAAAAAAAAAAAAAAAAAAAAAAAAAAAAAAAAAAAAAAAAAAAAAAAAAAAAAAAAAAAAAAAAAAAAAAAAAAAAAAAAAAAAAAAAAAAAAAAAAAAAAAAAAAAAAAAAAAEj/C2IBHoswHiqsAAAAAElFTkSuQmCC"`;

exports[`Render Updates Text Test "Text" style props change 1`] = `"data:image/png;base64,iVBORw0KGgoAAAANSUhEUgAAASwAAACWCAYAAABkW7XSAAAABmJLR0QA/wD/AP+gvaeTAAALpklEQVR4nO3cebAcRR3A8e+8AAnhCJAYuQJ4ghokBBEVLFGxFIIHWp54oKLlySFYouJVqJQXFmqpeOCBUoAHFiIemBJQKY0SvEBFAiYhAgmXEAgkkp9/dM9uv92Z7NtHDuV9P1Vb+7Znuqd39s1vp3t+sxWtYjNgB2AKcCtUd7evK0mbRBwK8ROIuyGieFwD8XGIXVrqfRTiYogjN25/hxVfhzgPYvaQ9c7N72/PDdItYnpu/2KIHTbMNv5fxdz8mZ0Hsfum7o3+Z8SneoJUQKzteb0S4iUNdS/Ky0/e+P0eRtyR+/mMIev9K9d74gbq187FPt5pw2zj/1UcXuybx2/q3mjTGen+GUcD78gvPgM8HtgKqhFgZ+D1wNJUxrch9t2oPZU04RUBi/fm5y9DdSxUf4bqnlRU3QjVmcCBwJ3AZsAJG7OjkpQDVswC9shlX2lfvVoKfC2/OHBw8zEZYjeIrcfWnahSX2JOGiJtSjF5Pbe3C8TeENsNWW/7XHfzIerMTI/xiGkQDxmyzhbj3NYMiG3GV1cTUX2GtW1RtmZAnXOALwE/bF8lZkP8GFgFLAbugvgtxEEt628BcRKwJD+uBJZB/APizSmQ9dW5DOL362jzg3n5iQPeT1lnXm73PuBeiKUQHx4uWIxqr4J4XXof3AD8Cbg9t/tOiEnrqPtGiOuB23LdOyC+2h7wYr98YeBu4Ob0iPvyJP4LGtY/KO+fs1I/4liI69J2WA5xC8Sp7cEongTx07yvVkEsgnhv/izPaL9AEbtCfAXiNmAFcCfEYogPQWzVvj+kjpgGsTpPav5ofN96nUn3cyH+nf++FeLaYuJ+FX1X52IKxM+KSdW/QMxPB0+n7PukNIuy3l152byW/nw9Lz+9p7xl0j2OL7a3Jh9E9ZXSCyBWMPSke3yuaPPGHCBuKcq+XKy78+jyCIj7U9DqbDsgftEfwOPw3OeAuB3icohf5f1f13t3T515ufxKiO8W73tp/pzqel9oeF9HQvynWGc5xL3Fvvpb/nv/nnr7F31am4PcoqKda1NA69ves4p19hr7/teDWJxV/FPcCfEtiKMY82XkTsCqg04xZIzHQCzLy87oqffJXH7L6DoAcUQRND7Ys2w9BqzYLweHgPgmnSFRTEkHemfZEAErXlUEnWMh6uH3JIj3FwftnFxeBqy8n2J6XjYCcVyx7ICebV2Vy89k1BlRTEkBJ4L0JVIE/U7AqvtxMsTUvGwriO/kZfcx6qwuZhfB6avFvppKOsMq91URsGJ68T/w89GBKR6X/2cC4vKGfblv0eaQw1U9SMU2pDOZ3rSGIH3rngPxBogdW+rXAWtl8zrxgW4w65TNLP75X9fS7onFAVcMGdZrwPphLptP8/CzDqpjDFgxQhrOBsTXWta5PC//UH5dBqzzWuoszsuPL8q2K4LO9IY6uxTtFukSowLWKQ31diqCT7mvzs5ll7Tsq4+3BKyP0D2LmtpQ79HF9p7as2xXusF/HcNoTUAxF+JjEH+gPwer/sY9nb5J6U7A+l5Lu0fm5TcXZUfTHTpu2VJvJt3hx7OK8vUUsGIa3eHUoS1t7T5kwNqnWL/l4kQ8j3QWdXR+XQasw1rqzM/LTy3KtiCdIc5pqTO7aLc8qykD1kNb6t6Ul+e8u5hU7PeXttTZrSVg1cH2mOZ6AHFpXucDPeVT6JyFayLbrL+oWggsBN5Fyrh+EvBU4DnAPsAWwDHAjkDTP+01LdvKKRJMKcr2y88LoFrVXK1aDrEc2Al4JHBx25sZp7l098OfWvqwGOIeoOHMoLVNgNXAb1ravAC4oKX+oH1YfFlUq4Er0t+xNbA/6YrvHsDDgSLIN1oNLG9ZVt+OVX9mjwLqK75t72sJaeK/PBveEdgtv5gB8eKW7d2Xn3vO0Kt7U6Dk1pZ6miAaAlapug24KD/eTUoW/SwppeEl6UysWthTaZh7Dmfk5xsGrHc7KWANczFgZPAqANRnF2uAG9ex3g3Ao8fYZv2+boHq/jHWKd0zeJVSPAL4NHAo/Z/pQrrvsckdUMUYN1TeMrSus51ljN5XZYrF+8awne0bylYM2KYmgPzPHW8GdgcuherH7atXV+bhwbJccCDpgHigBgWXeqL1ziHa3HbwKgDUB+skYHO63/LjbQ+gYW5nKGMNIKS5HxYA00gH9feBPwLXkc4Y7yelObRZO0S/ynXX9Zn15t2V7+cUBn9BLWkoM2Cp8238XNK38x7AOgIWQPWvPESbyajT/nGpD6Q92leJ7emesVw7RNsNl8cb3ZSfR4BZzduIyYw+SxikPlPbEWJzqBpy22Iu8ATgOqh+PkTbvU4gBatFwP5Q3d6znbHuh7EoA8Ys4Or+VWIH+s/oyoC5AKoLx7HtFTgknPDqb8nf5efDGJiJHdvTHRosfYDbr+dBnkJ7ZvYLSWcsq4DfFuX1sGlaQx9nAi2T0H2uIM3jALyoZZ1nMvYhJkB9aX6E9EXQ5FTgDOBpQ7TbZO/8fGF/sAJgfd7zWSeWQvudDi8mna0WquV0vwie3t58nE/Kyzqqf1n1XKhariRroqgPwm+QDtptSDc2t9xKE1NIB9lmpKHTTx7g9n9AOgCmAO9p2d5x+cXZUN1VLKyD5fN66owAp9F30LSpVgJ1GsHb6Ptpl5gKfHRsbXXaXATMzy9Ooj/p9RC6k+HnD9d2n5X5eVb/ophBCozrSbWWdKcDwMn9VxdjL9KQr8mZ+fmNpFvBesTLgReQbrTvubASM9I+i0ParyZrghmVmLgM4hM5FWEexCshTqOb+BcQx/bUH/DzMnEEnXyqUeVHF22eRcpqnpvmymJBLl9B30+uxElFvbMhXg3xdlKGd0BczdjzsHalm4F9Te7TU9Kl+7iClPk95M/LxGPpJr3+Ku/Dw0m3+tyTy88t1h/Dz8t08sVOK8reUtT7DOmWm2eQbnW5GeIGuqkIx9DJFO+kNazjQkMnC/3VRdlDSXl5kffJKRBvhfg8KeH4ZlIuXm9aw5akVJmAWALxJogn58/7s3RTS97S0I/y52UeNnjfa4KI15Ju7WhKHq0fiyFe1lB3nAELSPfVrW7Z3iIaf8omJjP6lp4yT+x9dBNVx3przn6MDsj1YyXEi+gGwmFuzTk4BYTG93UeoxIoxx2wJtG9tab3cTnEI0h3LdRln871xhmwgJRrdXHLZzU3B66g77erYibpXs2mvq6BaDjLBgOWak2ZyluT5nIOAnYBtiQNO64GfgHMb5lE3heYDiyC6vqG5TNJv7H1H6guaVj+SOAVwGzSEPGmvL3zUx5OkxgBnk2aT5lGmie5IG0/Hk7KQ1oK1d+LOgeThrQLc9pG2d404LXAAaTh8lXAN6H6J8QTgO1Ik8ZDXK2MbUn7c05+X4uBi6D6Q896k0n5bgC/hKrhamXMIV2AWAJVkasVFfB84DDSsH5Z2gaXpGFcTAWOIuU3XQjVAtJwcQ6wGqrLWvp+IOnzvyr9xFDf8j1JeV8jwPWkubtIbTIJ2Lm/XlTAvNzXnUhTAn8Fzk35bo39qPsK8Ov2nD1JGiVmpS+DaEnziL2LM9MBeX6StEF1bg/6YsvyT+Tl3924/ZKkPp2LJGvyPOFepB8Z3CfNF8Za0nzkAYPbkqQNKkZIN2033RhfDwVfsal7qQenB3oLiSaseAzwGtI9gzuQstl/B5wD1aBbbyRJkiRJkiRJkiRJkiRJkiRJkiRJkiRJkiRJkiRJkiRJkiRJkiRJkiRJkiRJkiRJkiRJkiRJkiRJkiRJkiRJkiRJkiRJkiRJkiRJkiRJkiRJkiRJkiRJkiRJkiRJkiRJkiRJkiRJkiRJkiRJkiRJkiRJkiRJkiRJkiRJkiRJkiRJkiRJkiRJkiRJkiRJkiRJkiRJkiRJkiRJkiRJkiRJkiRJkiRJkiRJkiRJkiRJkiRJkiRJkiRJkiRJkiRJkiRJkiRJkiRJkiRJkiRJkiRJkiRJkiRJkiRJkiRJkpr9F5KcXd1BWOmOAAAAAElFTkSuQmCC"`;

exports[`Render Updates Text Test "Text" style props change 2`] = `"data:image/png;base64,iVBORw0KGgoAAAANSUhEUgAAASwAAACWCAYAAABkW7XSAAAABmJLR0QA/wD/AP+gvaeTAAAUvElEQVR4nO3debhV1X3/8fd37wNXBlFQBBFRccKxOEfj/MOkijHRVKMSx6a1rc+vTU2stSaNMUN9ktQ2aRtrm2i0XFAMzsUxRnFMQkVFMQ6RwREREGS8d+/9+f1x9rnsczjgdejjr+Xzeh6ee8/Za33XcM7dZ+211j4ELSTtCJwpcVhRMArYROKtWo2ngLuAWyNidUuekcDpQABrgCsjYk1r7I+bpL2AY6nX84WIuLmX+fYFjikfzomIKf8NdTsW2Lt8+HRE3PlRl/E/laRTgB3Kh09FxF0fZ33s/wOaOmy0/uurd+i3PyyK1+5U3t2lHsvnKF/0lCQpy/SmpBOa8koXqtkhvSpzMgdpEsPaHpvEGHWy8/tqw/XsokmMWe9xaWqjgkWhQlL0Kq40sZJvZa/rcxX91ck4XcsW75U2y/S7RhlZppd6W8b/dpL6Vd9Yea4lH3ed7OOTAGgi59K95HmWzhrPwocifvMnJPfsD2sW1VPNnUwy+1sARDAMuEXSWa1xNvC4vYIrEYe3PSb+guBL76cx5JyH+PMNpEjzvP5LBEF9pNUbSZaV1RJpr+vTnxHAvaTs14vU6Xp+39g19YVE7eOqiH38El1KQlr7IYdMrnHUXXDojfCZFxBpoae/8SZwf9G9eilAnkOSgEQUBVdKajs6slIfBEBS/jSzD6XG1qSI/gV91g6Lkr5XxIqXfs7imbU48F8e0kQupt/Q45KZf76v3ry/f2yyJbHP9/qxxYEnA//MnIkjmXc9LP8dDNoFtjhwR+BhTaODJdxBcFqcztsA6uQ7BL+J07mlWhFNYTjd/AMwluBRCvoRLGtXaV3HKBIuJ9iP4HXgW3E699cPsqk6uRI4EngF8eX4IrMBeO4H2yav3wOr5kO/EfDW9PHA7ZrCELr5KcEUxIWAgGtjAj8CYOW8jnTm12DJDGKzPWuaxHnA4Didy8s2/SFwDsFACu6km2/GOaymYHlZ5eWY2YeWxHl0F7teuCJ5+ET45e9TPHtFxs1b/iROefexOIOHelKuXnhIrHptahw+FTbbHR47C+AAXc9u/Orc8xj5GTj6Phj+KZj1zSu1+Ml/0rjl04Fx2XFzpkv6J0m7AWMRo9apSTr0QW09/uB8/MuDiwOunkCSnsb2E46XdFQ1ma6iDx0DHmHbz+3Fcc/+hj0ueQNxqyYzAoDgFAbu9CLjps9gq8NGM2iXeyVtoU4O5JnL9tSe34Bx02HbE0H5ZF1Ff6Av8Bn6DP5jjrzrKQ74cY2kzz/qtWl3SzqFB044HARH3QXbfaFAXEHBHgCayB8BFwEXIE4i2I0O/gWAd1kMiGMevTjL9Eqea2l3t56VdIOkz27ohZF0lKTru7s1u6tL87JMD0r6sqR+60k/RNJFku7IMr2UZXpR0t2S/q5cSGlNf7GkqyRdKWmspGMldea5nu3u1guSbpd0lqS2l/eStpP0LUn3Zpkek3StpOMl7VTW4yJJJ7bJN0DS+ZJu7+rSC3mupyVdL+lESb4UtveWZVqqRTOkmRdJt4/J1YnUyRO6nt0ANJGL1ckMSVsVhQotnS1NSqQiu1WdfF137DG7OjFa/OLTKp7+lpStlDqRVryqPJfyXF26edsZ6qzPM6mTJ3TT8DOLt3/9iCb3UbZq2dogD56g4om/aky0TpbUH0CTOFpTNl1TZF3K8zLtjUNP1nVspU7+XhO5U9LZkpS/MV36+VBJOlETGak37nkgyyQV3dKiGfW6TWZ7TWG4OlHxzuw8z6WikDRtrPKXrpOWPS9Nqql75dJGXdZoEv+mifxH2YZnNYnTGn2piYxUJ7mmHTQoz3WlpmyqbPmbTSsSWdYzgT9VUt/yNZhbnVuupivLbfx8TtKQ6usn6aw815pqujJ+43Eh6e8r6fu3pF3cWl6ljvdIqrWUd26ea01R1MsoyynKrKsrdV7Rku+QLNOC9ZXV3a2ZknZpyTOwpe/e/Sje8/Y/UwIQ2fLXNHg/GHs5Gv9cUox/4SUGju5H9L+hknZeRLwVwREsf+l8VMC7875KsCP9Ry2sBo3NdydWzqExwQ31uS+gjwbtPpaOof0bz2vPy/6aNYsOoWMo6Sab9uTRpmOIcko8glMlpkhKEKPoN3yVok8jJvzBW9PiTN5q1JNyMj3pswmoGyBYwQLmTx2e3LM/3DQCZl5YBidl3IyzAaL/iKQRU7VBhLpg+Vzo2JLoO6jaxBcrv49G/Ks6WaxOFhM8DSxlv8t/nCT8CX2HkPbbnDyHoqjPA6ZpT7tOAr6xvtclSSDL1s4dlnl2LQqu6Ok/aX+JayLoW39cL6fxs8wXwAWSzmi8RI34RQHA4Gp5RdFUx2OAL1fKO1XipxH0jYCInhiNBYyOyuueVvLtWxTcD2wF9fh5jvIcVcoam+dMlzSi0hddLX3T3aa/bCORaCJfSG4dth2qL4NFgAbuvBMH/HgMJHtlmd5i1/NPZfM9R0vaMyIeYvoJ0wC4fse5iIV0Lx7QFHX1ApRumqcpNwPkXatWNP7oouvtlGFH7gXAJsOHRsfmu0XHFtC1hCLPu9KUfwe+HsueewmkoqjXKYLxwGmIBXQt69NU3tStx/dsgQiKti3dlIt5856tdcBVcNLr8MlJ9ee3P3PromPEpWV3ACAxP7oWLaB72Vz6bwNdi0lp2nq29g8qWAScEhMYEhMYwotsyWE3naOhR06oxz8dkg7SlDuThB8kCfdVAxUFF6gcPbaSmFur8bM0ZZrKaftydfNUrb00/LOiIGLteudjScJ3I/g28HilHCSqK7v1Flcu+CRm1WpMBJ6t5ssyzq0f1xZFwU8kej5MioL5acpU4KlGnrTlwk5SLc+5UaIjTXtO3G+lKVenKf+R5yxvnCSThK2A7/Z0b0RXUbCqEm5Ru76yjUNCX+4iW7WSx85crFULBJCumgPP/QCGjyNNGVp0bLM3g8aMBWZlmV7l6PvP7IlQcBtLZu7JsufrD5fMhldvUSx95otR638S8HY6++v/nKbAkidh6bPQb8QoSUHHlltJwJB9od9wkvuP/veI+GOui2t47fbNWfjI7Y0/qDyHLOMv6eYx8pW1eO22+oGVr8KaBVeRMHCDLRW7stke72jwfhA1ePln9edHnDQhIjqg54/6piRhJ5Y++3zMvODbbLbb37L53vD034IyWPJkIM7oiVtwK3ChplA/gezMeTz+h9cX2RooumDY0bDq1e9FxHERcWGSxDHA1eWohCRhE+DQNjX+1yRhl4g4JyLGR3BjY2tFktAB9cv1LOMTjRNEUTA3TTk0Ii6JiK+nKYfkOa+WeSgK1pnLqvibNI29I+KMJGHfPOcNqZ6vVmNMeVl4TpIwoFwplsSNScLoiPiDNI2xwNfWE/vENGV0OapCYkaasktEfCkizkpTdpNYWp4Ioyj4oqSeD0GpfpKSIE15fQNtsP/lkjiFpRT6dMy/8eW4eXhwQz+4fWdU2xQO+kk9UeVTOIJtGLDDNwEYN6V/nMFDbDfhHu45BP5zD5L7j4CRJ90e435xPQDiIubd8GVuGQmPn4uGfwrSTQYCY0j69I2AvEjRQdfMYuH08erkt9R4AHictx/9bZ4zr3yjkqbsw9nKOfDfZsZ/nQ//uQfcuQ/UBl4epzHzPdr6QxY+PCy5Z3+Ytjd0LQH4bdG17PhK24oIzo+IymVH8t384CmLWfIETN2KmPGnNeBhkvJSpZtLgHfoZr4mMhu4SIfdTNqno17G/cfAfUfe3VKXnyTNU9k7tBwX8LXmejCrZeQytKzzi3nOijxnRZJwNVBTfeJ7HPAloHot23ZSO895BeornvWY0ZWmTK9c2gUwROLYxok2gojgryKicuHP3+V5z6V51ecascrX8RIgkTRY0mBgRZpyXSNxkpACB1byvwk9l55vt2uDbYQ0hSG69/C9tPTZ0yVdWa4WFa2TpI0J3cZErqSLVHRLy+dK+WpJ+nRT3AX3DdPyeZKKRpxbJZ3WHFF/rV9S00RG6tK1OywkTerubkq3m6Tb81zSilekbJWqn8ZlnnNaYp8EoGz1bdnSeVLes4u/n8oJ7rKN89r0SarnfzizsfO/nHT/mTr5TlO66xigiYzU6qU7V/uoKPRg276WPi3pZEmflzSgOumeZVrYJv1XW9r02cqxwZK+092tJ6vtKevbI8s0v0w/oKWO97Yp76dZ1jORLkmjskxLKrHeWE+77qgsEKyGdRYUeusLlZi3ZZlU1ueqduXaxqEmaRBrP83WAA9HxCxgEoCkzYHD05Rj85yzI9gkSXomW/9M0iVA/TJrwHaNuE2rQ2z1f1onTgGGtDx+JY4ig/olTMWSCMTaSd1Ne470H7m+drXfwZ52FAwYVd2HP5jGbv/6KO536wQ6hVw3fW97ls2F7T5PLHk6QZwIHNGU7kxWACs0YdABjefyHGo1XmtbwYimUVeWNe0tbe6/DZB0RJ5zcwSDW+eOeqOs4+LepE0ql91SfdTTxmtS0+sFsOX7r1l9IaC0EFCSEHiEtVFLgAuAe8t/02mZT4mIdyLitoj40zRlpETPJ2s5/9K0DP0hrO/PbajU9OZvu5m0xaD3TgLQvANdou0eJ466ezoq4Jlvw+LfJCR8Kibw5Hpitp4s2+5ylzRM0mhJ279XvdZH0uZFwW3A4MqKX8/hPOeViKYJ6/Vpv1CxgXolyXpvvxrY8nq9n/jr83aS9CwseNJ9I1aDdd7QY6GyYbQiIhZJeijLOKW2dmfOgHZpe6HnsqecbB3dLlFRsE+jLIkigvm9iL19ZUl/Q5aUMZMIyHN2kRQR0Xwi22yPrWP/f4QAFWTJwdf8agMxFzR+SVOQ1pmfQtLuwCx6Rnc6q7oF5H34XJLUT855DhH8DrgMeAJ4uVaLlVmm+WnKth8oeouiYFma1m/kltiuXZo856DWkV5R8HaaVkbG9fdY636qbYC/of6eXAP8vHJsYWUV1COsjVhCZTm63Cv0f7XeZXb1KQr2bXlDtr3k6YUZa+NCnnOOWnZVS9o7SdgJelbwnomIlcDKltHE4EqevnnO56P9RWGrrjxnVmPLQJoyBBjXUocdgP16GQ9gfp6zBHqW/j8hqXVn/1lS0wil3UR1b+zS6IdyS8BXIuK6iHgmIlZK2iFJ2OYDxl5HmvLryuT5ZpIOqh6XdESasmNrX/Xpw0MtJ+Tfi4iXq/+A04uC3y8KxgHjaV6IeAD4NfBY+c82UgnwYJ6zpLEPJoKds4zHVZ8M3kbSIEmjJJ0s8WgEOzU2C+Y5L0dEb0Y864iIl7OMpxv7s9KUUcAVkjYFkDQqz/lp442eJFCuggG8kTTfUPx1SdtL2geYnKaM7O0JplZjYiNtecK+soyDpB2Kgp9H9PLbJ+rtUprys8aJRCIkrpG0o+o7zE+V+EplH9Nq1jOi7YVVLe08SlJNUl9JJxQFv6TlmzMkdXzAsgBua3xY5TnkOVMlfUbS7pLOznNuU/uL2Skt+b4v6eCyPv0l/SVwXmULywKor/pK6iNxN/V51oPzvH6HgW3EJJ1bXZ5pXRHcwPMTyvwXtTx/aEv8wS0xbi2fP75NMXmea0X9l7V5skyvqXF7jvSp9jVsXhWrOKnMd0tLGxJJm2WZ3mw8X7klJS9/qvozz/WeX0woaUSe693KalnbOpYxvw/NK2lZpjltYq6zSijpk60NLQp1S02re02vW/k9YOMaj8sV2MltyltnlVBS/yzT/Na+am1X6yqhpMgyPda4fafSx12NuhZNNW5aIWy6Nae7W+ub7LeNQP3WnIirge+Ul2br7FRuqGz8A7gsIjrfd4FNe7riDuB70BOzniShfyNtOTezKk05qbwcBPhFnvNQuRrV5L1GVq3HI2JpmvL5CFa33DbT61HVumXE60nCFyLIqrfVNJQbLykKZgCXfohyHpG4pTqqiaBGOfEv1Td4tuyjC1j7pYkbmucr01bLW5mmHAcsrN6+09CoR+Vnd5lPacrJEq9KTbfi9GHdRYofRcQNmLXR83aNiK9FMF7i6Q2kL4D7Ijg8Iqr3wM1pnDwk1gCte3RWFkV9dac8YfSMICLiIuA8iaXrKfORJOHAiPhVJU+epnw2gkm0rECV5Vwm1Td2Sk1bJeY0/kCLglcpV70i4pEk4ZMR5dfQNMdbDFxbbq2gKFhn9NNOREyr9xOz2sRcFcH305QjIqKxhaF6f+KLrXmAuZU+7mlTBBMkrm20pUEij2BSBLvl+dp5nzLG/KKoz5uV/dGuTT19Vb4275TteiZN2SNJ+FGer12xLQryJGGaxEuVk2DPBHlEvJqm7CsxqbWuZf63gfMi4i9aDq1u1HUDfWMbibbjEUm7AgdQX7kZCCwFngcej4h1NjV+FFT/1oLDgDHUv+5lIfBIRGzwBCFpKLAP9dXKOcBzH/T75FX/yuRPAL9H/WT+AvBARGQfJF4l7hjq7epP/UQzozJa/Eiovj3iUOr98DrwaESUt7QoKcsfDsyOiA90WSXpS3nOpUBEsChJOBLoR72v3gK685ylacrA8h7QXyZJHN0mztbUv69sGLAYeBl4rGXXvJnZByfp0pYps0vKk3w5Oa5vtxz/ysddZzPbSEk6qDJ535h4X9LdrdlZpuXVY3mu1ZI+kv1fZmYfiKRObUDPFyBK53zcdTWzjZzq+7wuzXMta3fCKv8buOPfO5LZ+9f7/dtmFarviTsaGA1sQX3S/Snqk/0f9t5BMzMzMzMzMzMzMzMzMzMzMzMzMzMzMzMzMzMzMzMzMzMzMzMzMzMzMzMzMzMzMzMzMzMzMzMzMzMzMzMzMzMzMzMzMzMzMzMzMzMzMzMzMzMzMzMzMzMzMzMzMzMzMzMzMzMzMzMzMzMzMzMzMzMzMzMzMzMzMzMzMzMzMzMzMzMzMzMzMzMzMzMzMzMzMzMzMzMzMzMzMzMzMzMzMzMzMzMzMzMzMzMzMzMzMzMzMzMzMzMzMzMzMzMzMzMzMzMzMzMzMzMzMzMzMzMzMzMzMzMzMzMzMzMzMzMzMzMzMzMzMzMzMzMzMzMzMzMzMzMzMzMzMzMzMzMzMzMzMzMzMzMzMzMzMzMzMzMzMzMzMzMzMzMzMzMzMzMzMzMzMzMzM/uI/T8Uxj3/7SW50gAAAABJRU5ErkJggg=="`;
