// Jest Snapshot v1, https://goo.gl/fbAQLP

exports[`registerComponent registerComponent("ComponentName", Callable) should register component and return "ComponentName" 1`] = `"data:image/png;base64,iVBORw0KGgoAAAANSUhEUgAAASwAAACWCAYAAABkW7XSAAAABmJLR0QA/wD/AP+gvaeTAAAD3UlEQVR4nO3cu2pUaxzG4XcFC2MteGjsLazUykoQCwsFL8BWBDVEO69ARDzgqbSyV6xEvQIrEa9AIZjUKiKZXSzcMSbitkgy787zwDAzi/XBHwZ+fDOzZobJZDLJX/j2LVleTnbu/JtV0GkYhmGrZ2DFzK8H3r5Njh1LZmeTYRhvu3aNx169So4fT86eTV6/3opxge1s+HmHNTeX3L2b/Jc914ULyf37GzkabD07rOny7w5rbi65c2eM1d694+PFxfF2+vTahfv3b+aYAMmOJHn3btxZJcmpU8nz5+Pj5eXk2rXk2bO1CwUL2Gw7kuT8+ZWd1Y9Yff+enDuXPHmy/sJ9+zZrRIDRMJlMJrOzydev49vAS5dWn/D5c/LxY7KwsHL/4UNy8WJy4MDWDA2bxWdY02WYTCaTHy/J4mKye/fWDgTTRLCmy6rLGpaX/7xgaSk5cyaZn9+okQDWN5OM11wlv/+86mePHydPnyaPHm3gVADrmEmSw4fHJ9ev/3nBjRvj/dGjGzUSwPpmkuTevfGK9oWF5OTJ35984kTy6dN47oMHmzUiwGgmSQ4dSi5fHg+8eDFe3nDr1hinpaXk5s1kz57k5cvxnKtXk4MHt2pkYLta9dOc+fnk9u3f/zRnGJIrV1beFsL/nW8Jp8vw6781vH8/Xkj65k3y5ct4bHY2OXIkefjQzortRbCmy5pgASsEa7qs+XsZgGklWEANwQJqCBZQQ7CAGoIF1BAsoIZgATUEC6ghWEANwQJqCBZQQ7CAGoIF1BAsoIZgATUEC6ghWEANwQJqCBZQQ7CAGoIF1BAsoIZgATUEC6ghWEANwQJqCBZQQ7CAGoIF1BAsoIZgATUEC6ghWEANwQJqCBZQQ7CAGoIF1BAsoIZgATUEC6ghWEANwQJqCBZQQ7CAGoIF1BAsoIZgATUEC6ghWEANwQJqCBZQQ7CAGoIF1BAsoIZgATUEC6ghWEANwQJqCBZQQ7CAGoIF1BAsoIZgATUEC6ghWEANwQJqCBZQQ7CAGoIF1BAsoIZgATUEC6ghWEANwQJqCBZQQ7CAGoIF1BAsoIZgATUEC6ghWEANwQJqCBZQQ7CAGoIF1BAsoIZgATUEC6ghWEANwQJqCBZQQ7CAGoIF1BAsoIZgATUEC6ghWEANwQJqCBZQQ7CAGoIF1BAsoIZgATUEC6ghWEANwQJqCBZQQ7CAGoIF1BAsoIZgATUEC6ghWEANwQJqCBZQQ7CAGoIF1BAsoIZgATUEC6ghWEANwQJqCBZQQ7CAGoIF1BAsoIZgATUEC6ghWEANwQJqCBZQQ7CAGoIF1PgHCyaKAtUF30MAAAAASUVORK5CYII="`;

exports[`registerComponent registerComponent("ComponentName", Callable) should update when props change 1`] = `"data:image/png;base64,iVBORw0KGgoAAAANSUhEUgAAASwAAACWCAYAAABkW7XSAAAABmJLR0QA/wD/AP+gvaeTAAACSUlEQVR4nO3bv4oVZxjH8e+sBhIQIUTWW5CgIRjL3EHuQEidBEGjYBCbPVsIWvinSJpcQEiROoRAriBJm1tQ06RIoeC6k+LM2XXXjYvgnlP4+VTzzjwv/KqH4Zl36nXMWm+zr15rD8AbMrx0Z9aH1ffVJ429O1U9qf6sTlVnprqX9wIcoeN7Vhvdb+hK49SMdlvSe9WnywwGsN/aztVmD6qvp2b1qLWudLIPOtaZ6p9VBQRYmL9h3erjtro8vVH93KzPqvnMqn6q3l9RPoAd84b1rO+qoaGHbexpVr9VZ1eWDuAFixnW+aqGbu88mfV3dW75kQAOtphhzb8GbvfD6qIAvNrxw0v2udXpnvWoobGNF4b2AEds0XCeTquLh+7YnmrGaQ/Akiwa1h9VbXfz0B1b3Ziufj+aSAAHWzSsLxoaq9PN+uV/q2f92tB6Q2PvdGkpCQEmu2fZN7vX2NVp9bhj3elEP7bV8/7t84a+aWi9sVrrfhtdW0li4K2193/Aze61e9r9IGN1t1nXjzoYwH4H/fz8UfVtdaH5cYehetJ8zvVls/5aZkAAAAAAAAAAAAAAAAAAAAAAAAAAAAAAAAAAAAAAAAAAAAAAAAAAAAAAAAAAAAAAAAAAAAAAAAAAAAAAAAAAAAAAAAAAAAAAAAAAAAAAAAAAAAAAAAAAAAAAAAAAAAAAAAAAAAAAAAAAAAAAAAAAAAAAAAAAAAAAAAAAAAAAAAAAAAAAAAAAAAAAAAAAAAAAAAAAAAAAAAAAAAAAAAAAgBX5DwSNQ801188SAAAAAElFTkSuQmCC"`;

exports[`registerComponent registerComponent("ComponentName", Callable) should update when props change 2`] = `"data:image/png;base64,iVBORw0KGgoAAAANSUhEUgAAASwAAACWCAYAAABkW7XSAAAABmJLR0QA/wD/AP+gvaeTAAACfElEQVR4nO3bMYsdVRjH4d/sLrLB1oSF+AlEbGLnVxDttdBGUJEkCMZyZ4sgIlErSWFj4QewsBDFD6BiqZ1YaQQbi7BFdMdi7q675i4SZCfFPg/M5Zw754V/9TJzmFMPauyRxrYfuA7gfxru+2fsqeqj6kq13VQN7VffN7Tb1F71R3Wrsa+XDAucb1snZnt92NTVjjeyeXSheqapr46t/rk0LGA5G0ejuVlda25Rd9roWnVxdX12X+XQLwtlBKgOn7Bu9mT3ulrV0Oft9mxVYxvVzeq5NbUaFrCouWHd63Y1NHWn8ahZbVWfVC+srZz6dZmIALPDPawrVW32ztGdsT+rFxt7pc0uN7XTQZernerxtvpx6bDA+TZvqY9Nq/nFxn5/eHEATjc/Yc2fLtSjxzbhTzP2WEMfVz+125tnmg7gmI3V735Vd0/ZrzpZ8XJTzzf16pkmA/iXuWFNfbeav/2fFX/11mr0zdlEAljv8BXwjeYXw53Gvjh19diXDV1qaKpeXyAfwJF/vmjf7YOGrq9mv7XZu233aXc76KCXGrrR0KXV/fcau7F4WuBcO3mWcK/3q+tNa84Yzqunpm41Hr0WAixm3eHnJ6rbDT3dQRdWq/arb6vXGvth0YQAAAAAAAAAAAAAAAAAAAAAAAAAAAAAAAAAAAAAAAAAAAAAAAAAAAAAAAAAAAAAAAAAAAAAAAAAAAAAAAAAAAAAAAAAAAAAAAAAAAAAAAAAAAAAAAAAAAAAAAAAAAAAAAAAAAAAAAAAAAAAAAAAAAAAAAAAAAAAAAAAAAAAAAAAAAAAAAAAAAAAAAAAAAAAAAAAAAAAAAAAAAAAAAAAAA/H3/8nVaIB2iTpAAAAAElFTkSuQmCC"`;
